###############################################################################
#
# IAR ELF Linker V9.50.1.380/W64 for ARM                  21/Nov/2024  15:24:07
# Copyright 2007-2023 IAR Systems AB.
#
#    Output file  =
#        C:\Users\user\Documents\CNC_dividing_head\EWARM\CNC_dividing_head_v1\Exe\CNC_dividing_head_v1.out
#    Map file     =
#        C:\Users\user\Documents\CNC_dividing_head\EWARM\CNC_dividing_head_v1\List\CNC_dividing_head_v1.map
#    Command line =
#        -f
#        C:\Users\user\Documents\CNC_dividing_head\EWARM\CNC_dividing_head_v1\Exe\CNC_dividing_head_v1.out.rsp
#        (C:\Users\user\Documents\CNC_dividing_head\EWARM\CNC_dividing_head_v1\Obj\FreeRTOS_4809373609813369194.dir\cmsis_os2.o
#        C:\Users\user\Documents\CNC_dividing_head\EWARM\CNC_dividing_head_v1\Obj\FreeRTOS_4809373609813369194.dir\croutine.o
#        C:\Users\user\Documents\CNC_dividing_head\EWARM\CNC_dividing_head_v1\Obj\FreeRTOS_4809373609813369194.dir\event_groups.o
#        C:\Users\user\Documents\CNC_dividing_head\EWARM\CNC_dividing_head_v1\Obj\Core_13247989168731456611.dir\freertos.o
#        C:\Users\user\Documents\CNC_dividing_head\EWARM\CNC_dividing_head_v1\Obj\Core_13247989168731456611.dir\gpio.o
#        C:\Users\user\Documents\CNC_dividing_head\EWARM\CNC_dividing_head_v1\Obj\FreeRTOS_4809373609813369194.dir\heap_4.o
#        C:\Users\user\Documents\CNC_dividing_head\EWARM\CNC_dividing_head_v1\Obj\Core_13247989168731456611.dir\iwdg.o
#        C:\Users\user\Documents\CNC_dividing_head\EWARM\CNC_dividing_head_v1\Obj\FreeRTOS_4809373609813369194.dir\list.o
#        C:\Users\user\Documents\CNC_dividing_head\EWARM\CNC_dividing_head_v1\Obj\Core_13247989168731456611.dir\main.o
#        C:\Users\user\Documents\CNC_dividing_head\EWARM\CNC_dividing_head_v1\Obj\FreeRTOS_4809373609813369194.dir\port.o
#        C:\Users\user\Documents\CNC_dividing_head\EWARM\CNC_dividing_head_v1\Obj\FreeRTOS_4809373609813369194.dir\portasm.o
#        C:\Users\user\Documents\CNC_dividing_head\EWARM\CNC_dividing_head_v1\Obj\FreeRTOS_4809373609813369194.dir\queue.o
#        C:\Users\user\Documents\CNC_dividing_head\EWARM\CNC_dividing_head_v1\Obj\EWARM_18443280873093131863.dir\startup_stm32f103xb.o
#        C:\Users\user\Documents\CNC_dividing_head\EWARM\CNC_dividing_head_v1\Obj\STM32F1xx_HAL_Driver_9701002599162248031.dir\stm32f1xx_hal.o
#        C:\Users\user\Documents\CNC_dividing_head\EWARM\CNC_dividing_head_v1\Obj\STM32F1xx_HAL_Driver_9701002599162248031.dir\stm32f1xx_hal_cortex.o
#        C:\Users\user\Documents\CNC_dividing_head\EWARM\CNC_dividing_head_v1\Obj\STM32F1xx_HAL_Driver_9701002599162248031.dir\stm32f1xx_hal_dma.o
#        C:\Users\user\Documents\CNC_dividing_head\EWARM\CNC_dividing_head_v1\Obj\STM32F1xx_HAL_Driver_9701002599162248031.dir\stm32f1xx_hal_exti.o
#        C:\Users\user\Documents\CNC_dividing_head\EWARM\CNC_dividing_head_v1\Obj\STM32F1xx_HAL_Driver_9701002599162248031.dir\stm32f1xx_hal_flash.o
#        C:\Users\user\Documents\CNC_dividing_head\EWARM\CNC_dividing_head_v1\Obj\STM32F1xx_HAL_Driver_9701002599162248031.dir\stm32f1xx_hal_flash_ex.o
#        C:\Users\user\Documents\CNC_dividing_head\EWARM\CNC_dividing_head_v1\Obj\STM32F1xx_HAL_Driver_9701002599162248031.dir\stm32f1xx_hal_gpio.o
#        C:\Users\user\Documents\CNC_dividing_head\EWARM\CNC_dividing_head_v1\Obj\STM32F1xx_HAL_Driver_9701002599162248031.dir\stm32f1xx_hal_gpio_ex.o
#        C:\Users\user\Documents\CNC_dividing_head\EWARM\CNC_dividing_head_v1\Obj\STM32F1xx_HAL_Driver_9701002599162248031.dir\stm32f1xx_hal_iwdg.o
#        C:\Users\user\Documents\CNC_dividing_head\EWARM\CNC_dividing_head_v1\Obj\Core_13247989168731456611.dir\stm32f1xx_hal_msp.o
#        C:\Users\user\Documents\CNC_dividing_head\EWARM\CNC_dividing_head_v1\Obj\STM32F1xx_HAL_Driver_9701002599162248031.dir\stm32f1xx_hal_pwr.o
#        C:\Users\user\Documents\CNC_dividing_head\EWARM\CNC_dividing_head_v1\Obj\STM32F1xx_HAL_Driver_9701002599162248031.dir\stm32f1xx_hal_rcc.o
#        C:\Users\user\Documents\CNC_dividing_head\EWARM\CNC_dividing_head_v1\Obj\STM32F1xx_HAL_Driver_9701002599162248031.dir\stm32f1xx_hal_rcc_ex.o
#        C:\Users\user\Documents\CNC_dividing_head\EWARM\CNC_dividing_head_v1\Obj\STM32F1xx_HAL_Driver_9701002599162248031.dir\stm32f1xx_hal_tim.o
#        C:\Users\user\Documents\CNC_dividing_head\EWARM\CNC_dividing_head_v1\Obj\STM32F1xx_HAL_Driver_9701002599162248031.dir\stm32f1xx_hal_tim_ex.o
#        C:\Users\user\Documents\CNC_dividing_head\EWARM\CNC_dividing_head_v1\Obj\Core_13247989168731456611.dir\stm32f1xx_hal_timebase_tim.o
#        C:\Users\user\Documents\CNC_dividing_head\EWARM\CNC_dividing_head_v1\Obj\STM32F1xx_HAL_Driver_9701002599162248031.dir\stm32f1xx_hal_uart.o
#        C:\Users\user\Documents\CNC_dividing_head\EWARM\CNC_dividing_head_v1\Obj\Core_13247989168731456611.dir\stm32f1xx_it.o
#        C:\Users\user\Documents\CNC_dividing_head\EWARM\CNC_dividing_head_v1\Obj\FreeRTOS_4809373609813369194.dir\stream_buffer.o
#        C:\Users\user\Documents\CNC_dividing_head\EWARM\CNC_dividing_head_v1\Obj\CMSIS_6603591812247902717.dir\system_stm32f1xx.o
#        C:\Users\user\Documents\CNC_dividing_head\EWARM\CNC_dividing_head_v1\Obj\FreeRTOS_4809373609813369194.dir\tasks.o
#        C:\Users\user\Documents\CNC_dividing_head\EWARM\CNC_dividing_head_v1\Obj\Core_13247989168731456611.dir\tim.o
#        C:\Users\user\Documents\CNC_dividing_head\EWARM\CNC_dividing_head_v1\Obj\FreeRTOS_4809373609813369194.dir\timers.o
#        C:\Users\user\Documents\CNC_dividing_head\EWARM\CNC_dividing_head_v1\Obj\Core_13247989168731456611.dir\usart.o
#        C:\Users\user\Documents\CNC_dividing_head\EWARM\CNC_dividing_head_v1\Obj\Core_13247989168731456611.dir\wh1602.o
#        --no_out_extension -o
#        C:\Users\user\Documents\CNC_dividing_head\EWARM\CNC_dividing_head_v1\Exe\CNC_dividing_head_v1.out
#        --redirect _Printf=_PrintfFullNoMb --redirect _Scanf=_ScanfFullNoMb
#        --map
#        C:\Users\user\Documents\CNC_dividing_head\EWARM\CNC_dividing_head_v1\List\CNC_dividing_head_v1.map
#        --config
#        C:\Users\user\Documents\CNC_dividing_head\EWARM/stm32f103xb_flash.icf
#        --semihosting --entry __iar_program_start --vfe --text_out locale
#        --cpu=Cortex-M3 --fpu=None) --dependencies=n
#        C:\Users\user\Documents\CNC_dividing_head\EWARM\CNC_dividing_head_v1\Exe\CNC_dividing_head_v1.out.iar_deps
#
###############################################################################

*******************************************************************************
*** RUNTIME MODEL ATTRIBUTES
***

CppFlavor       = *
__CPP_Runtime   = 1
__SystemLibrary = DLib
__dlib_version  = 6


*******************************************************************************
*** HEAP SELECTION
***

The basic heap was selected because --advanced_heap
was not specified and the application did not appear to
be primarily optimized for speed.


*******************************************************************************
*** PLACEMENT SUMMARY
***

"A0":  place at address 0x800'0000 { ro section .intvec };
"P1":  place in [from 0x800'0000 to 0x801'ffff] { ro };
define block CSTACK with size = 1K, alignment = 8 { };
define block HEAP with size = 512, alignment = 8 { };
"P2":  place in [from 0x2000'0000 to 0x2000'4fff] {
          rw, block CSTACK, block HEAP };
initialize by copy { rw };

  Section            Kind         Address  Aligment    Size  Object
  -------            ----         -------  --------    ----  ------
"A0":                                                  0xec
  .intvec            ro code   0x800'0000         4    0xec  startup_stm32f103xb.o [3]
                             - 0x800'00ec              0xec

"P1":                                                0x527d
  .text              ro code   0x800'00ec         4   0xeca  xprintffull_nomb.o [6]
  .text              ro code   0x800'0fb6         2    0x3a  packbits_init_single.o [8]
  .text              ro code   0x800'0ff0         4    0x16  strchr.o [8]
  .text              ro code   0x800'1006         2     0xa  xsprout.o [6]
  .text              ro code   0x800'1010         4    0x40  xfail_s.o [6]
  .text              ro code   0x800'1050         4    0x36  strlen.o [8]
  .rodata            const     0x800'1086         2     0x2  xlocale_c.o [6]
  .text              ro code   0x800'1088         4    0x58  memchr.o [8]
  .text              ro code   0x800'10e0         4    0x18  ABImemcpy_small.o [8]
  .text              ro code   0x800'10f8         4    0x70  frexp.o [7]
  .text              ro code   0x800'1168         4    0x34  DblCmpLe.o [7]
  .text              ro code   0x800'119c         4    0x34  DblCmpGe.o [7]
  .text              ro code   0x800'11d0         4   0x13a  ldexp.o [7]
  .rodata            const     0x800'130a               0x1  xlocale_c.o [6]
  .text              ro code   0x800'130c         4    0x36  DblToS32.o [7]
  .text              ro code   0x800'1344         4    0x22  S32ToDbl.o [7]
  .text              ro code   0x800'1368         4   0x24e  DblAddSub.o [7]
  .text              ro code   0x800'15b8         4   0x246  DblDiv.o [7]
  .text              ro code   0x800'1800         4    0x22  DblToU32.o [7]
  .text              ro code   0x800'1824         4    0x1c  U32ToDbl.o [7]
  .text              ro code   0x800'1840         4   0x1aa  DblMul.o [7]
  .text              ro code   0x800'19ec         4     0x8  xlocale_c.o [6]
  .text              ro code   0x800'19f4         4   0x230  I64DivMod.o [8]
  .text              ro code   0x800'1c24         2     0x6  abort.o [6]
  .text              ro code   0x800'1c2c         4     0x2  I64DivZer.o [8]
  .text              ro code   0x800'1c30         4    0x14  exit.o [9]
  .text              ro code   0x800'1c44         4   0x754  tasks.o [4]
  .text              ro code   0x800'2398         4   0x1a4  heap_4.o [4]
  .text              ro code   0x800'253c         4    0x3a  ABImemset48.o [8]
  .text              ro code   0x800'2576         2    0x94  list.o [4]
  .text              ro code   0x800'260c         4   0x18c  port.o [4]
  .text              ro code   0x800'2798         4   0x1b0  cmsis_os2.o [4]
  .text              ro code   0x800'2948         4   0x320  timers.o [4]
  .text              ro code   0x800'2c68         4    0x28  port.o [4]
  CODE               ro code   0x800'2c90         4    0x88  portasm.o [4]
  .text              ro code   0x800'2d18         4   0x580  queue.o [4]
  .text              ro code   0x800'3298         4   0x634  freertos.o [2]
  .text              ro code   0x800'38cc         2    0x5e  stm32f1xx_hal_iwdg.o [5]
  .text              ro code   0x800'392c         4   0x104  wh1602.o [2]
  .text              ro code   0x800'3a30         4    0x40  sprintf.o [6]
  .text              ro code   0x800'3a70         4   0x1ec  stm32f1xx_hal_gpio.o [5]
  .text              ro code   0x800'3c5c         4     0xc  stm32f1xx_hal.o [5]
  .text              ro code   0x800'3c68         4   0x504  stm32f1xx_hal_uart.o [5]
  .text              ro code   0x800'416c         4    0xd0  usart.o [2]
  .text              ro code   0x800'423c         4   0x100  stm32f1xx_hal_dma.o [5]
  .text              ro code   0x800'433c         2     0x2  stm32f1xx_hal_uart.o [5]
  .text              ro code   0x800'433e         2     0x2  stm32f1xx_hal_uart.o [5]
  .text              ro code   0x800'4340         2     0x2  stm32f1xx_hal_uart.o [5]
  .text              ro code   0x800'4342         2     0x2  stm32f1xx_hal_uart.o [5]
  .text              ro code   0x800'4344         4   0x4ee  stm32f1xx_hal_rcc.o [5]
  .text              ro code   0x800'4834         4    0xa8  main.o [2]
  .text              ro code   0x800'48dc         4    0x12  ABImemset_small.o [8]
  .text              ro code   0x800'48f0         4    0x94  stm32f1xx_hal_cortex.o [5]
  .text              ro code   0x800'4984         4    0x9c  stm32f1xx_hal_timebase_tim.o [2]
  .text              ro code   0x800'4a20         4    0x24  stm32f1xx_hal.o [5]
  .text              ro code   0x800'4a44         4   0x106  gpio.o [2]
  .text              ro code   0x800'4b4c         4    0x2c  iwdg.o [2]
  .text              ro code   0x800'4b78         4    0xa8  tim.o [2]
  .text              ro code   0x800'4c20         4    0x10  stm32f1xx_hal.o [5]
  .text              ro code   0x800'4c30         4   0x39a  stm32f1xx_hal_tim.o [5]
  .text              ro code   0x800'4fcc         4    0x4c  stm32f1xx_hal_msp.o [2]
  .text              ro code   0x800'5018         4    0x64  stm32f1xx_hal_tim_ex.o [5]
  .text              ro code   0x800'507c         2     0x2  stm32f1xx_hal_tim.o [5]
  .text              ro code   0x800'507e         2     0x2  stm32f1xx_hal_tim.o [5]
  .text              ro code   0x800'5080         2     0x2  stm32f1xx_hal_tim_ex.o [5]
  .text              ro code   0x800'5082         2     0x2  stm32f1xx_hal_tim.o [5]
  .text              ro code   0x800'5084         2     0x2  stm32f1xx_hal_tim_ex.o [5]
  .text              ro code   0x800'5086         2     0x2  stm32f1xx_hal_tim.o [5]
  .rodata            const     0x800'5088         4    0x6c  freertos.o [2]
  .text              ro code   0x800'50f4         2    0x38  zero_init3.o [8]
  .text              ro code   0x800'512c         4    0x2c  stm32f1xx_it.o [2]
  .text              ro code   0x800'5158         4    0x2a  data_init.o [8]
  .iar.init_table    const     0x800'5184         4    0x20  - Linker created -
  .text              ro code   0x800'51a4         4    0x1e  cmain.o [8]
  .text              ro code   0x800'51c2         2     0x4  low_level_init.o [6]
  .text              ro code   0x800'51c6         2     0x4  exit.o [6]
  .text              ro code   0x800'51cc         4     0xa  cexit.o [8]
  .text              ro code   0x800'51d8         4    0x1c  cstartup_M.o [8]
  .text              ro code   0x800'51f4         4    0x14  system_stm32f1xx.o [1]
  .rodata            const     0x800'5208         4    0x10  freertos.o [2]
  .rodata            const     0x800'5218         4    0x10  freertos.o [2]
  .text              ro code   0x800'5228         4    0x10  startup_stm32f103xb.o [3]
  .rodata            const     0x800'5238         4     0xc  freertos.o [2]
  .rodata            const     0x800'5244         4     0x8  system_stm32f1xx.o [1]
  .text              ro code   0x800'524c         2     0x4  startup_stm32f103xb.o [3]
  .text              ro code   0x800'5250         2     0x4  startup_stm32f103xb.o [3]
  .text              ro code   0x800'5254         2     0x4  startup_stm32f103xb.o [3]
  .text              ro code   0x800'5258         2     0x4  startup_stm32f103xb.o [3]
  .text              ro code   0x800'525c         2     0x4  startup_stm32f103xb.o [3]
  .text              ro code   0x800'5260         2     0x4  startup_stm32f103xb.o [3]
  .text              ro code   0x800'5264         2     0x4  startup_stm32f103xb.o [3]
  .text              ro code   0x800'5268         2     0x4  startup_stm32f103xb.o [3]
  .text              ro code   0x800'526c         2     0x4  startup_stm32f103xb.o [3]
  .text              ro code   0x800'5270         2     0x4  startup_stm32f103xb.o [3]
  .text              ro code   0x800'5274         2     0x4  startup_stm32f103xb.o [3]
  .text              ro code   0x800'5278         2     0x4  startup_stm32f103xb.o [3]
  .text              ro code   0x800'527c         2     0x4  startup_stm32f103xb.o [3]
  .text              ro code   0x800'5280         2     0x4  startup_stm32f103xb.o [3]
  .text              ro code   0x800'5284         2     0x4  startup_stm32f103xb.o [3]
  .text              ro code   0x800'5288         2     0x4  startup_stm32f103xb.o [3]
  .text              ro code   0x800'528c         2     0x4  startup_stm32f103xb.o [3]
  .text              ro code   0x800'5290         2     0x4  startup_stm32f103xb.o [3]
  .text              ro code   0x800'5294         2     0x4  startup_stm32f103xb.o [3]
  .text              ro code   0x800'5298         2     0x4  startup_stm32f103xb.o [3]
  .text              ro code   0x800'529c         2     0x4  startup_stm32f103xb.o [3]
  .text              ro code   0x800'52a0         2     0x4  startup_stm32f103xb.o [3]
  .text              ro code   0x800'52a4         2     0x4  startup_stm32f103xb.o [3]
  .text              ro code   0x800'52a8         2     0x4  startup_stm32f103xb.o [3]
  .text              ro code   0x800'52ac         2     0x4  startup_stm32f103xb.o [3]
  .text              ro code   0x800'52b0         2     0x4  startup_stm32f103xb.o [3]
  .text              ro code   0x800'52b4         2     0x4  startup_stm32f103xb.o [3]
  .text              ro code   0x800'52b8         2     0x4  startup_stm32f103xb.o [3]
  .text              ro code   0x800'52bc         2     0x4  startup_stm32f103xb.o [3]
  .text              ro code   0x800'52c0         2     0x4  startup_stm32f103xb.o [3]
  .text              ro code   0x800'52c4         2     0x4  startup_stm32f103xb.o [3]
  .text              ro code   0x800'52c8         2     0x4  startup_stm32f103xb.o [3]
  .text              ro code   0x800'52cc         2     0x4  startup_stm32f103xb.o [3]
  .text              ro code   0x800'52d0         2     0x4  startup_stm32f103xb.o [3]
  .text              ro code   0x800'52d4         2     0x4  startup_stm32f103xb.o [3]
  .text              ro code   0x800'52d8         2     0x4  startup_stm32f103xb.o [3]
  .text              ro code   0x800'52dc         2     0x4  startup_stm32f103xb.o [3]
  .text              ro code   0x800'52e0         2     0x4  startup_stm32f103xb.o [3]
  .text              ro code   0x800'52e4         2     0x4  startup_stm32f103xb.o [3]
  .text              ro code   0x800'52e8         2     0x4  startup_stm32f103xb.o [3]
  .rodata            const     0x800'52ec               0x0  zero_init3.o [8]
  .rodata            const     0x800'52ec               0x0  packbits_init_single.o [8]
  Initializer bytes  const     0x800'52ec              0x7d  <for P2-1>
                             - 0x800'5369            0x527d

"P2", part 1 of 3:                                     0xbc
  P2-1                        0x2000'0000              0xbc  <Init block>
    .data            inited   0x2000'0000         4    0x2e  freertos.o [2]
    .data            inited   0x2000'0030         4    0x38  freertos.o [2]
    .data            inited   0x2000'0068         4     0xc  port.o [4]
    .data            inited   0x2000'0074         4     0xc  stm32f1xx_hal.o [5]
    .data            inited   0x2000'0080         4     0x4  system_stm32f1xx.o [1]
    .data            inited   0x2000'0084         4    0x38  xlocale_c.o [6]
                            - 0x2000'00bc              0xbc

"P2", part 2 of 3:                                   0x1a30
  .bss               zero     0x2000'00bc         4   0xc18  heap_4.o [4]
  .bss               zero     0x2000'0cd4         4   0x460  tasks.o [4]
  .bss               zero     0x2000'1134         4   0x45c  cmsis_os2.o [4]
  .bss               zero     0x2000'1590         4   0x25c  cmsis_os2.o [4]
  .bss               zero     0x2000'17ec         4   0x12c  timers.o [4]
  .bss               zero     0x2000'1918         4    0x9c  tasks.o [4]
  .bss               zero     0x2000'19b4         4    0x48  stm32f1xx_hal_timebase_tim.o [2]
  .bss               zero     0x2000'19fc         4    0x48  tim.o [2]
  .bss               zero     0x2000'1a44         4    0x48  usart.o [2]
  .bss               zero     0x2000'1a8c         4    0x40  queue.o [4]
  .bss               zero     0x2000'1acc         4     0xc  freertos.o [2]
  .bss               zero     0x2000'1ad8         4     0xc  iwdg.o [2]
  .bss               zero     0x2000'1ae4         4     0x4  cmsis_os2.o [4]
  .bss               zero     0x2000'1ae8         4     0x4  xfail_s.o [6]
                            - 0x2000'1aec            0x1a30

"P2", part 3 of 3:                                    0x400
  CSTACK                      0x2000'1af0         8   0x400  <Block>
    CSTACK           uninit   0x2000'1af0             0x400  <Block tail>
                            - 0x2000'1ef0             0x400

Unused ranges:

         From           To      Size
         ----           --      ----
   0x800'5369   0x801'ffff  0x1'ac97
  0x2000'1aec  0x2000'1aef       0x4
  0x2000'1ef0  0x2000'4fff    0x3110


*******************************************************************************
*** INIT TABLE
***

          Address      Size
          -------      ----
Zero (__iar_zero_init3)
    1 destination range, total size 0x1a30:
          0x2000'00bc  0x1a30

Copy/packbits (__iar_packbits_init_single3)
    1 source range, total size 0x7d (66% of destination):
           0x800'52ec    0x7d
    1 destination range, total size 0xbc:
          0x2000'0000    0xbc



*******************************************************************************
*** MODULE SUMMARY
***

    Module                        ro code  ro data  rw data
    ------                        -------  -------  -------
command line/config:
    -------------------------------------------------------
    Total:

C:\Users\user\Documents\CNC_dividing_head\EWARM\CNC_dividing_head_v1\Obj\CMSIS_6603591812247902717.dir: [1]
    system_stm32f1xx.o                 20       10        4
    -------------------------------------------------------
    Total:                             20       10        4

C:\Users\user\Documents\CNC_dividing_head\EWARM\CNC_dividing_head_v1\Obj\Core_13247989168731456611.dir: [2]
    freertos.o                      1'588      221      114
    gpio.o                            262
    iwdg.o                             44                12
    main.o                            168
    stm32f1xx_hal_msp.o                76
    stm32f1xx_hal_timebase_tim.o      156                72
    stm32f1xx_it.o                     44
    tim.o                             168                72
    usart.o                           208                72
    wh1602.o                          260
    -------------------------------------------------------
    Total:                          2'974      221      342

C:\Users\user\Documents\CNC_dividing_head\EWARM\CNC_dividing_head_v1\Obj\EWARM_18443280873093131863.dir: [3]
    startup_stm32f103xb.o             412
    -------------------------------------------------------
    Total:                            412

C:\Users\user\Documents\CNC_dividing_head\EWARM\CNC_dividing_head_v1\Obj\FreeRTOS_4809373609813369194.dir: [4]
    cmsis_os2.o                       432             1'724
    heap_4.o                          420             3'096
    list.o                            148
    port.o                            436        8       12
    portasm.o                         136
    queue.o                         1'408                64
    tasks.o                         1'876             1'276
    timers.o                          800               300
    -------------------------------------------------------
    Total:                          5'656        8    6'472

C:\Users\user\Documents\CNC_dividing_head\EWARM\CNC_dividing_head_v1\Obj\STM32F1xx_HAL_Driver_9701002599162248031.dir: [5]
    stm32f1xx_hal.o                    64        8       12
    stm32f1xx_hal_cortex.o            148
    stm32f1xx_hal_dma.o               256
    stm32f1xx_hal_gpio.o              492
    stm32f1xx_hal_iwdg.o               94
    stm32f1xx_hal_rcc.o             1'262
    stm32f1xx_hal_tim.o               930
    stm32f1xx_hal_tim_ex.o            104
    stm32f1xx_hal_uart.o            1'292
    -------------------------------------------------------
    Total:                          4'642        8       12

dl7M_tlf.a: [6]
    abort.o                             6
    exit.o                              4
    low_level_init.o                    4
    sprintf.o                          64
    xfail_s.o                          64                 4
    xlocale_c.o                         8       41       56
    xprintffull_nomb.o              3'786
    xsprout.o                          10
    -------------------------------------------------------
    Total:                          3'946       41       60

m7M_tl.a: [7]
    DblAddSub.o                       590
    DblCmpGe.o                         52
    DblCmpLe.o                         52
    DblDiv.o                          582
    DblMul.o                          426
    DblToS32.o                         54
    DblToU32.o                         34
    S32ToDbl.o                         34
    U32ToDbl.o                         28
    frexp.o                           112
    ldexp.o                           314
    -------------------------------------------------------
    Total:                          2'278

rt7M_tl.a: [8]
    ABImemcpy_small.o                  24
    ABImemset48.o                      58
    ABImemset_small.o                  18
    I64DivMod.o                       560
    I64DivZer.o                         2
    cexit.o                            10
    cmain.o                            30
    cstartup_M.o                       28
    data_init.o                        42
    memchr.o                           88
    packbits_init_single.o             58
    strchr.o                           22
    strlen.o                           54
    zero_init3.o                       56
    -------------------------------------------------------
    Total:                          1'050

shb_l.a: [9]
    exit.o                             20
    -------------------------------------------------------
    Total:                             20

    Gaps                               33        2        2
    Linker created                              32    1'024
-----------------------------------------------------------
    Grand Total:                   21'031      322    7'916


*******************************************************************************
*** ENTRY LIST
***

Entry                       Address   Size  Type      Object
-----                       -------   ----  ----      ------
.iar.init_table$$Base    0x800'5184          --   Gb  - Linker created -
.iar.init_table$$Limit   0x800'51a4          --   Gb  - Linker created -
?main                    0x800'51a5         Code  ??  cmain.o [8]
ADC1_2_IRQHandler        0x800'5295         Code  Wk  startup_stm32f103xb.o [3]
AHBPrescTable            0x800'51f8   0x10  Data  ??  system_stm32f1xx.o [1]
APBPrescTable            0x800'5244    0x8  Data  ??  system_stm32f1xx.o [1]
BusFault_Handler         0x800'5133    0x2  Code  ??  stm32f1xx_it.o [2]
ButtonProcessinHandle   0x2000'1ad0    0x4  Data  ??  freertos.o [2]
ButtonProcessin_attributes
                         0x800'50ac   0x24  Data  ??  freertos.o [2]
CAN1_RX1_IRQHandler      0x800'52a1         Code  Wk  startup_stm32f103xb.o [3]
CAN1_SCE_IRQHandler      0x800'52a5         Code  Wk  startup_stm32f103xb.o [3]
CSTACK$$Base            0x2000'1af0          --   Gb  - Linker created -
CSTACK$$Limit           0x2000'1ef0          --   ??  - Linker created -
Cursor                   0x800'39df   0x10  Code  ??  wh1602.o [2]
DMA1_Channel1_IRQHandler
                         0x800'5279         Code  Wk  startup_stm32f103xb.o [3]
DMA1_Channel2_IRQHandler
                         0x800'527d         Code  Wk  startup_stm32f103xb.o [3]
DMA1_Channel3_IRQHandler
                         0x800'5281         Code  Wk  startup_stm32f103xb.o [3]
DMA1_Channel4_IRQHandler
                         0x800'5285         Code  Wk  startup_stm32f103xb.o [3]
DMA1_Channel5_IRQHandler
                         0x800'5289         Code  Wk  startup_stm32f103xb.o [3]
DMA1_Channel6_IRQHandler
                         0x800'528d         Code  Wk  startup_stm32f103xb.o [3]
DMA1_Channel7_IRQHandler
                         0x800'5291         Code  Wk  startup_stm32f103xb.o [3]
DOWN_btn                0x2000'0048    0x8  Data  Lc  freertos.o [2]
DebugMon_Handler         0x800'5137    0x2  Code  ??  stm32f1xx_it.o [2]
ENTER_btn               0x2000'0060    0x8  Data  Lc  freertos.o [2]
EXTI0_IRQHandler         0x800'5265         Code  Wk  startup_stm32f103xb.o [3]
EXTI15_10_IRQHandler     0x800'52e1         Code  Wk  startup_stm32f103xb.o [3]
EXTI1_IRQHandler         0x800'5269         Code  Wk  startup_stm32f103xb.o [3]
EXTI2_IRQHandler         0x800'526d         Code  Wk  startup_stm32f103xb.o [3]
EXTI3_IRQHandler         0x800'5271         Code  Wk  startup_stm32f103xb.o [3]
EXTI4_IRQHandler         0x800'5275         Code  Wk  startup_stm32f103xb.o [3]
EXTI9_5_IRQHandler       0x800'52a9         Code  Wk  startup_stm32f103xb.o [3]
Error_Handler            0x800'48d9    0x4  Code  ??  main.o [2]
FLASH_IRQHandler         0x800'525d         Code  Wk  startup_stm32f103xb.o [3]
HAL_DMA_Abort            0x800'423d   0x48  Code  ??  stm32f1xx_hal_dma.o [5]
HAL_DMA_Abort_IT         0x800'4285   0x9a  Code  ??  stm32f1xx_hal_dma.o [5]
HAL_GPIO_Init            0x800'3a71  0x1a4  Code  ??  stm32f1xx_hal_gpio.o [5]
HAL_GPIO_ReadPin         0x800'3c15    0xc  Code  ??  stm32f1xx_hal_gpio.o [5]
HAL_GPIO_WritePin        0x800'3c21    0x8  Code  ??  stm32f1xx_hal_gpio.o [5]
HAL_GetTick              0x800'3c5d    0xc  Code  Wk  stm32f1xx_hal.o [5]
HAL_IWDG_Init            0x800'38cd   0x52  Code  ??  stm32f1xx_hal_iwdg.o [5]
HAL_IWDG_Refresh         0x800'391f    0xc  Code  ??  stm32f1xx_hal_iwdg.o [5]
HAL_IncTick              0x800'4c21   0x10  Code  Wk  stm32f1xx_hal.o [5]
HAL_Init                 0x800'4a21   0x20  Code  ??  stm32f1xx_hal.o [5]
HAL_InitTick             0x800'4985   0x86  Code  ??  stm32f1xx_hal_timebase_tim.o [2]
HAL_MspInit              0x800'4fcd   0x4c  Code  ??  stm32f1xx_hal_msp.o [2]
HAL_NVIC_EnableIRQ       0x800'495d   0x16  Code  ??  stm32f1xx_hal_cortex.o [5]
HAL_NVIC_SetPriority     0x800'491f   0x3e  Code  ??  stm32f1xx_hal_cortex.o [5]
HAL_NVIC_SetPriorityGrouping
                         0x800'490b   0x14  Code  ??  stm32f1xx_hal_cortex.o [5]
HAL_RCC_ClockConfig      0x800'4647  0x116  Code  ??  stm32f1xx_hal_rcc.o [5]
HAL_RCC_GetClockConfig   0x800'47b9   0x36  Code  ??  stm32f1xx_hal_rcc.o [5]
HAL_RCC_GetPCLK1Freq     0x800'4795   0x10  Code  ??  stm32f1xx_hal_rcc.o [5]
HAL_RCC_GetPCLK2Freq     0x800'47a5    0xe  Code  ??  stm32f1xx_hal_rcc.o [5]
HAL_RCC_GetSysClockFreq
                         0x800'475d   0x38  Code  ??  stm32f1xx_hal_rcc.o [5]
HAL_RCC_GetSysClockFreq::aPLLMULFactorTable
                         0x800'4820   0x10  Data  Lc  stm32f1xx_hal_rcc.o [5]
HAL_RCC_GetSysClockFreq::aPredivFactorTable
                         0x800'4830    0x2  Data  Lc  stm32f1xx_hal_rcc.o [5]
HAL_RCC_OscConfig        0x800'4345  0x2fa  Code  ??  stm32f1xx_hal_rcc.o [5]
HAL_TIMEx_BreakCallback
                         0x800'5081    0x2  Code  Wk  stm32f1xx_hal_tim_ex.o [5]
HAL_TIMEx_CommutCallback
                         0x800'5085    0x2  Code  Wk  stm32f1xx_hal_tim_ex.o [5]
HAL_TIMEx_MasterConfigSynchronization
                         0x800'5019   0x56  Code  ??  stm32f1xx_hal_tim_ex.o [5]
HAL_TIM_Base_Init        0x800'4c31   0x1a  Code  ??  stm32f1xx_hal_tim.o [5]
HAL_TIM_Base_MspInit     0x800'4bdf   0x34  Code  ??  tim.o [2]
HAL_TIM_Base_Start_IT    0x800'4c4b   0x5a  Code  ??  stm32f1xx_hal_tim.o [5]
HAL_TIM_ConfigClockSource
                         0x800'4e31   0xac  Code  ??  stm32f1xx_hal_tim.o [5]
HAL_TIM_IC_CaptureCallback
                         0x800'507d    0x2  Code  Wk  stm32f1xx_hal_tim.o [5]
HAL_TIM_IRQHandler       0x800'4ce9  0x142  Code  ??  stm32f1xx_hal_tim.o [5]
HAL_TIM_OC_DelayElapsedCallback
                         0x800'507f    0x2  Code  Wk  stm32f1xx_hal_tim.o [5]
HAL_TIM_PWM_PulseFinishedCallback
                         0x800'5087    0x2  Code  Wk  stm32f1xx_hal_tim.o [5]
HAL_TIM_PeriodElapsedCallback
                         0x800'48c7    0xe  Code  ??  main.o [2]
HAL_TIM_TriggerCallback
                         0x800'5083    0x2  Code  Wk  stm32f1xx_hal_tim.o [5]
HAL_UARTEx_RxEventCallback
                         0x800'433f    0x2  Code  Wk  stm32f1xx_hal_uart.o [5]
HAL_UART_ErrorCallback   0x800'433d    0x2  Code  Wk  stm32f1xx_hal_uart.o [5]
HAL_UART_IRQHandler      0x800'3d13  0x278  Code  ??  stm32f1xx_hal_uart.o [5]
HAL_UART_Init            0x800'3c69   0x20  Code  ??  stm32f1xx_hal_uart.o [5]
HAL_UART_MspInit         0x800'41a1   0x88  Code  ??  usart.o [2]
HAL_UART_RxCpltCallback
                         0x800'4343    0x2  Code  Wk  stm32f1xx_hal_uart.o [5]
HAL_UART_TxCpltCallback
                         0x800'4341    0x2  Code  Wk  stm32f1xx_hal_uart.o [5]
HardFault_Handler        0x800'512f    0x2  Code  ??  stm32f1xx_it.o [2]
I2C1_ER_IRQHandler       0x800'52c5         Code  Wk  startup_stm32f103xb.o [3]
I2C1_EV_IRQHandler       0x800'52c1         Code  Wk  startup_stm32f103xb.o [3]
I2C2_ER_IRQHandler       0x800'52cd         Code  Wk  startup_stm32f103xb.o [3]
I2C2_EV_IRQHandler       0x800'52c9         Code  Wk  startup_stm32f103xb.o [3]
Idle_Stack              0x2000'15ec  0x200  Data  Lc  cmsis_os2.o [4]
Idle_TCB                0x2000'1590   0x5c  Data  Lc  cmsis_os2.o [4]
KernelState             0x2000'1ae4    0x4  Data  Lc  cmsis_os2.o [4]
LEDProcessingHandle     0x2000'1ad4    0x4  Data  ??  freertos.o [2]
LEDProcessing_attributes
                         0x800'50d0   0x24  Data  ??  freertos.o [2]
M1                      0x2000'0014   0x14  Data  ??  freertos.o [2]
M2                      0x2000'0000   0x14  Data  ??  freertos.o [2]
MINUS_btn               0x2000'0058    0x8  Data  Lc  freertos.o [2]
MX_FREERTOS_Init         0x800'3299   0x3a  Code  ??  freertos.o [2]
MX_GPIO_Init             0x800'4a45   0xea  Code  ??  gpio.o [2]
MX_IWDG_Init             0x800'4b4d   0x2c  Code  ??  iwdg.o [2]
MX_TIM1_Init             0x800'4b79   0x66  Code  ??  tim.o [2]
MX_USART1_UART_Init      0x800'416d   0x34  Code  ??  usart.o [2]
MemManage_Handler        0x800'5131    0x2  Code  ??  stm32f1xx_it.o [2]
NMI_Handler              0x800'512d    0x2  Code  ??  stm32f1xx_it.o [2]
PLUS_btn                0x2000'0050    0x8  Data  Lc  freertos.o [2]
PVD_IRQHandler           0x800'5251         Code  Wk  startup_stm32f103xb.o [3]
PendSV_Handler           0x800'2c91         Code  ??  portasm.o [4]
PrintByCoordinats        0x800'3a21   0x10  Code  ??  wh1602.o [2]
PrintStr                 0x800'3a05   0x1c  Code  ??  wh1602.o [2]
PulseLCD                 0x800'392d   0x28  Code  ??  wh1602.o [2]
RCC_IRQHandler           0x800'5261         Code  Wk  startup_stm32f103xb.o [3]
RTC_Alarm_IRQHandler     0x800'52e5         Code  Wk  startup_stm32f103xb.o [3]
RTC_IRQHandler           0x800'5259         Code  Wk  startup_stm32f103xb.o [3]
Region$$Table$$Base      0x800'5184          --   ??  - Linker created -
Region$$Table$$Limit     0x800'51a4          --   ??  - Linker created -
Reset_Handler            0x800'5229         Code  Wk  startup_stm32f103xb.o [3]
SPI1_IRQHandler          0x800'52d1         Code  Wk  startup_stm32f103xb.o [3]
SPI2_IRQHandler          0x800'52d5         Code  Wk  startup_stm32f103xb.o [3]
SVC_Handler              0x800'2cd7         Code  ??  portasm.o [4]
SW1_btn                 0x2000'0030    0x8  Data  Lc  freertos.o [2]
SW2_btn                 0x2000'0038    0x8  Data  Lc  freertos.o [2]
SendByte                 0x800'3955   0x74  Code  ??  wh1602.o [2]
StartButtonProcessing    0x800'32e9   0x68  Code  ??  freertos.o [2]
StartLedProcessing       0x800'3351  0x358  Code  ??  freertos.o [2]
StartMainTask            0x800'32d5   0x14  Code  ??  freertos.o [2]
SysTick_Handler          0x800'2711   0x1c  Code  ??  port.o [4]
SystemClock_Config       0x800'485d   0x6a  Code  ??  main.o [2]
SystemCoreClock         0x2000'0080    0x4  Data  ??  system_stm32f1xx.o [1]
SystemInit               0x800'51f5    0x2  Code  ??  system_stm32f1xx.o [1]
TAMPER_IRQHandler        0x800'5255         Code  Wk  startup_stm32f103xb.o [3]
TIM1_BRK_IRQHandler      0x800'52ad         Code  Wk  startup_stm32f103xb.o [3]
TIM1_CC_IRQHandler       0x800'52b5         Code  Wk  startup_stm32f103xb.o [3]
TIM1_TRG_COM_IRQHandler
                         0x800'52b1         Code  Wk  startup_stm32f103xb.o [3]
TIM1_UP_IRQHandler       0x800'5139    0x6  Code  ??  stm32f1xx_it.o [2]
TIM2_IRQHandler          0x800'52b9         Code  Wk  startup_stm32f103xb.o [3]
TIM3_IRQHandler          0x800'52bd         Code  Wk  startup_stm32f103xb.o [3]
TIM4_IRQHandler          0x800'513f    0x6  Code  ??  stm32f1xx_it.o [2]
TIM_Base_SetConfig       0x800'4eef   0x5e  Code  ??  stm32f1xx_hal_tim.o [5]
TIM_ETR_SetConfig        0x800'4fb7   0x14  Code  ??  stm32f1xx_hal_tim.o [5]
TIM_ITRx_SetConfig       0x800'4fa7   0x10  Code  Lc  stm32f1xx_hal_tim.o [5]
TIM_TI1_ConfigInputStage
                         0x800'4f61   0x22  Code  Lc  stm32f1xx_hal_tim.o [5]
TIM_TI2_ConfigInputStage
                         0x800'4f83   0x24  Code  Lc  stm32f1xx_hal_tim.o [5]
Timer_Stack             0x2000'1190  0x400  Data  Lc  cmsis_os2.o [4]
Timer_TCB               0x2000'1134   0x5c  Data  Lc  cmsis_os2.o [4]
UART_DMAAbortOnError     0x800'4019    0xe  Code  Lc  stm32f1xx_hal_uart.o [5]
UART_EndRxTransfer       0x800'3fbb   0x5a  Code  Lc  stm32f1xx_hal_uart.o [5]
UART_Receive_IT          0x800'4029   0xc0  Code  Lc  stm32f1xx_hal_uart.o [5]
UART_SetConfig           0x800'40e9   0x7a  Code  Lc  stm32f1xx_hal_uart.o [5]
UP_btn                  0x2000'0040    0x8  Data  Lc  freertos.o [2]
USART1_IRQHandler        0x800'5145    0x6  Code  ??  stm32f1xx_it.o [2]
USART2_IRQHandler        0x800'52d9         Code  Wk  startup_stm32f103xb.o [3]
USART3_IRQHandler        0x800'52dd         Code  Wk  startup_stm32f103xb.o [3]
USBWakeUp_IRQHandler     0x800'52e9         Code  Wk  startup_stm32f103xb.o [3]
USB_HP_CAN1_TX_IRQHandler
                         0x800'5299         Code  Wk  startup_stm32f103xb.o [3]
USB_LP_CAN1_RX0_IRQHandler
                         0x800'529d         Code  Wk  startup_stm32f103xb.o [3]
UsageFault_Handler       0x800'5135    0x2  Code  ??  stm32f1xx_it.o [2]
WWDG_IRQHandler          0x800'524d         Code  Wk  startup_stm32f103xb.o [3]
_LC                      0x800'00ed    0x6  Code  Lc  xprintffull_nomb.o [6]
_LitobFullNoMb           0x800'0dd9  0x10c  Code  Lc  xprintffull_nomb.o [6]
_Locale_lconv           0x2000'0084   0x38  Data  Lc  xlocale_c.o [6]
_PrintfFullNoMb          0x800'00f3  0xcb6  Code  ??  xprintffull_nomb.o [6]
_PutcharsFullNoMb        0x800'0f41   0x2e  Code  Lc  xprintffull_nomb.o [6]
_SProut                  0x800'1007    0xa  Code  ??  xsprout.o [6]
__NVIC_SetPriority       0x800'48f1   0x1a  Code  Lc  stm32f1xx_hal_cortex.o [5]
__aeabi_cdcmple          0x800'1169         Code  ??  DblCmpLe.o [7]
__aeabi_cdrcmple         0x800'119d         Code  ??  DblCmpGe.o [7]
__aeabi_d2iz             0x800'130d         Code  ??  DblToS32.o [7]
__aeabi_d2uiz            0x800'1801         Code  ??  DblToU32.o [7]
__aeabi_ddiv             0x800'15b9         Code  ??  DblDiv.o [7]
__aeabi_dmul             0x800'1841         Code  ??  DblMul.o [7]
__aeabi_dsub             0x800'14d5         Code  ??  DblAddSub.o [7]
__aeabi_i2d              0x800'1345         Code  ??  S32ToDbl.o [7]
__aeabi_ldiv0            0x800'1c2d         Code  ??  I64DivZer.o [8]
__aeabi_memset4          0x800'253d         Code  ??  ABImemset48.o [8]
__aeabi_memset8          0x800'253d         Code  ??  ABImemset48.o [8]
__aeabi_ui2d             0x800'1825         Code  ??  U32ToDbl.o [7]
__aeabi_uldivmod         0x800'19f5         Code  ??  I64DivMod.o [8]
__cmain                  0x800'51a5         Code  ??  cmain.o [8]
__exit                   0x800'1c31   0x14  Code  ??  exit.o [9]
__iar_Fail_s             0x800'1011   0x1c  Code  ??  xfail_s.o [6]
__iar_Memchr             0x800'1089         Code  ??  memchr.o [8]
__iar_Memset4_word       0x800'2545         Code  ??  ABImemset48.o [8]
__iar_Memset8_word       0x800'2545         Code  ??  ABImemset48.o [8]
__iar_Strchr             0x800'0ff1         Code  ??  strchr.o [8]
__iar_data_init3         0x800'5159   0x18  Code  ??  data_init.o [8]
__iar_frexp              0x800'1105         Code  ??  frexp.o [7]
__iar_frexp64            0x800'10f9         Code  ??  frexp.o [7]
__iar_frexpl             0x800'1105         Code  ??  frexp.o [7]
__iar_ldexp64            0x800'11d1         Code  ??  ldexp.o [7]
__iar_packbits_init_single3
                         0x800'0fb7   0x3a  Code  ??  packbits_init_single.o [8]
__iar_program_start      0x800'51d9         Code  ??  cstartup_M.o [8]
__iar_scalbln64          0x800'11d1         Code  ??  ldexp.o [7]
__iar_scalbn64           0x800'11d1         Code  ??  ldexp.o [7]
__iar_small_Memcpy       0x800'10e5         Code  ??  ABImemcpy_small.o [8]
__iar_small_Memset       0x800'48dd         Code  ??  ABImemset_small.o [8]
__iar_small_Memset_word
                         0x800'48dd         Code  ??  ABImemset_small.o [8]
__iar_small_memcpy       0x800'10e1         Code  ??  ABImemcpy_small.o [8]
__iar_small_memcpy4      0x800'10e1         Code  ??  ABImemcpy_small.o [8]
__iar_small_memcpy8      0x800'10e1         Code  ??  ABImemcpy_small.o [8]
__iar_small_memset       0x800'48dd         Code  ??  ABImemset_small.o [8]
__iar_zero_init3         0x800'50f5   0x38  Code  ??  zero_init3.o [8]
__low_level_init         0x800'51c3    0x4  Code  ??  low_level_init.o [6]
__vector_table           0x800'0000         Data  ??  startup_stm32f103xb.o [3]
_call_main               0x800'51b1         Code  ??  cmain.o [8]
_exit                    0x800'51cd         Code  ??  cexit.o [8]
abort                    0x800'1c25    0x6  Code  ??  abort.o [6]
backlight_on            0x2000'0029    0x1  Data  ??  freertos.o [2]
buttin_proc              0x800'36e5   0x44  Code  ??  freertos.o [2]
endswitches_direction   0x2000'002a    0x1  Data  ??  freertos.o [2]
exit                     0x800'51c7    0x4  Code  ??  exit.o [6]
flag                    0x2000'0028    0x1  Data  ??  freertos.o [2]
frexp                    0x800'10f9         Code  ??  frexp.o [7]
frexpl                   0x800'10f9         Code  ??  frexp.o [7]
hiwdg                   0x2000'1ad8    0xc  Data  ??  iwdg.o [2]
htim1                   0x2000'19fc   0x48  Data  ??  tim.o [2]
htim4                   0x2000'19b4   0x48  Data  ??  stm32f1xx_hal_timebase_tim.o [2]
huart1                  0x2000'1a44   0x48  Data  ??  usart.o [2]
ldexp                    0x800'11d1         Code  ??  ldexp.o [7]
ldexpl                   0x800'11d1         Code  ??  ldexp.o [7]
localeconv               0x800'19ed    0x4  Code  ??  xlocale_c.o [6]
main                     0x800'4835   0x28  Code  ??  main.o [2]
mainTaskHandle          0x2000'1acc    0x4  Data  ??  freertos.o [2]
mainTask_attributes      0x800'5088   0x24  Data  ??  freertos.o [2]
memchr                   0x800'1089         Code  ??  memchr.o [8]
motor_in_use            0x2000'002b    0x1  Data  ??  freertos.o [2]
osDelay                  0x800'28cd   0x2e  Code  ??  cmsis_os2.o [4]
osKernelInitialize       0x800'2799   0x2c  Code  ??  cmsis_os2.o [4]
osKernelStart            0x800'27cd   0x32  Code  ??  cmsis_os2.o [4]
osThreadNew              0x800'280b   0xb2  Code  ??  cmsis_os2.o [4]
prvAddCurrentTaskToDelayedList
                         0x800'232d   0x4e  Code  Lc  tasks.o [4]
prvAddNewTaskToReadyList
                         0x800'1d8f   0xac  Code  Lc  tasks.o [4]
prvCheckForValidListAndQueue
                         0x800'2c01   0x4e  Code  Lc  timers.o [4]
prvCheckForValidListAndQueue{1}{2}{3}{4}::ucStaticTimerQueueStorage
                        0x2000'1878   0xa0  Data  Lc  timers.o [4]
prvCheckForValidListAndQueue{1}{2}{3}{4}::xStaticTimerQueue
                        0x2000'1828   0x50  Data  Lc  timers.o [4]
prvCopyDataFromQueue     0x800'3181   0x28  Code  Lc  queue.o [4]
prvCopyDataToQueue       0x800'3119   0x68  Code  Lc  queue.o [4]
prvDeleteTCB             0x800'223d   0x2e  Code  Lc  tasks.o [4]
prvIdleTask              0x800'21fd   0x40  Code  Lc  tasks.o [4]
prvInitialiseNewQueue    0x800'2df1   0x20  Code  Lc  queue.o [4]
prvInitialiseNewTask     0x800'1d01   0x8e  Code  Lc  tasks.o [4]
prvInsertBlockIntoFreeList
                         0x800'24ef   0x46  Code  Lc  heap_4.o [4]
prvInsertTimerInActiveList
                         0x800'2bcd   0x34  Code  Lc  timers.o [4]
prvIsQueueEmpty          0x800'3211   0x16  Code  Lc  queue.o [4]
prvResetNextTaskUnblockTime
                         0x800'226b   0x1c  Code  Lc  tasks.o [4]
prvSampleTimeNow         0x800'2b47   0x76  Code  Lc  timers.o [4]
prvSampleTimeNow::xLastTime
                        0x2000'17fc    0x4  Data  Lc  timers.o [4]
prvTaskExitError         0x800'262d   0x1c  Code  Lc  port.o [4]
prvTimerTask             0x800'29f1  0x156  Code  Lc  timers.o [4]
prvUnlockQueue           0x800'31a9   0x68  Code  Lc  queue.o [4]
pvPortMalloc             0x800'2399   0xfa  Code  ??  heap_4.o [4]
pxCurrentTCB            0x2000'1940    0x4  Data  ??  tasks.o [4]
pxCurrentTimerList      0x2000'17ec    0x4  Data  Lc  timers.o [4]
pxDelayedTaskList       0x2000'1944    0x4  Data  Lc  tasks.o [4]
pxEnd                   0x2000'00c4    0x4  Data  Lc  heap_4.o [4]
pxOverflowDelayedTaskList
                        0x2000'1948    0x4  Data  Lc  tasks.o [4]
pxOverflowTimerList     0x2000'17f0    0x4  Data  Lc  timers.o [4]
pxPortInitialiseStack    0x800'260d   0x20  Code  ??  port.o [4]
pxReadyTasksLists       0x2000'0cd4  0x460  Data  Lc  tasks.o [4]
scalbln                  0x800'11d1         Code  ??  ldexp.o [7]
scalblnl                 0x800'11d1         Code  ??  ldexp.o [7]
scalbn                   0x800'11d1         Code  ??  ldexp.o [7]
scalbnl                  0x800'11d1         Code  ??  ldexp.o [7]
scale                    0x800'0eeb   0x46  Code  Lc  xprintffull_nomb.o [6]
sec_hand                0x2000'1ae8    0x4  Data  Lc  xfail_s.o [6]
sprintf                  0x800'3a31   0x40  Code  ??  sprintf.o [6]
strchr                   0x800'0ff1         Code  ??  strchr.o [8]
strlen                   0x800'1051         Code  ??  strlen.o [8]
tooth_sp                0x2000'002c    0x2  Data  ??  freertos.o [2]
ucHeap                  0x2000'00d4  0xc00  Data  Lc  heap_4.o [4]
ucMaxSysCallPriority    0x2000'0068    0x1  Data  Lc  port.o [4]
ulMaxPRIGROUPValue      0x2000'0070    0x4  Data  Lc  port.o [4]
uwTick                  0x2000'0078    0x4  Data  ??  stm32f1xx_hal.o [5]
uwTickFreq              0x2000'0074    0x1  Data  ??  stm32f1xx_hal.o [5]
uwTickPrio              0x2000'007c    0x4  Data  ??  stm32f1xx_hal.o [5]
uxCriticalNesting       0x2000'006c    0x4  Data  Lc  port.o [4]
uxCurrentNumberOfTasks  0x2000'1964    0x4  Data  Lc  tasks.o [4]
uxDeletedTasksWaitingCleanUp
                        0x2000'194c    0x4  Data  Lc  tasks.o [4]
uxListRemove             0x800'25e3   0x28  Code  ??  list.o [4]
uxPendedTicks           0x2000'1974    0x4  Data  Lc  tasks.o [4]
uxSchedulerSuspended    0x2000'1988    0x4  Data  Lc  tasks.o [4]
uxTaskNumber            0x2000'1980    0x4  Data  Lc  tasks.o [4]
uxTopReadyPriority      0x2000'196c    0x4  Data  Lc  tasks.o [4]
vApplicationGetIdleTaskMemory
                         0x800'291f   0x10  Code  ??  cmsis_os2.o [4]
vApplicationGetTimerTaskMemory
                         0x800'292f   0x12  Code  ??  cmsis_os2.o [4]
vListInitialise          0x800'2577   0x1a  Code  ??  list.o [4]
vListInitialiseItem      0x800'2591    0x6  Code  ??  list.o [4]
vListInsert              0x800'25b1   0x32  Code  ??  list.o [4]
vListInsertEnd           0x800'2597   0x1a  Code  ??  list.o [4]
vPortEnterCritical       0x800'26bd   0x32  Code  ??  port.o [4]
vPortExitCritical        0x800'26ef   0x22  Code  ??  port.o [4]
vPortFree                0x800'24a1   0x4e  Code  ??  heap_4.o [4]
vPortSetupTimerInterrupt
                         0x800'2c69   0x28  Code  Wk  port.o [4]
vPortStartFirstTask      0x800'2cf7         Code  ??  portasm.o [4]
vPortValidateInterruptPriority
                         0x800'273d   0x42  Code  ??  port.o [4]
vQueueAddToRegistry      0x800'3227   0x20  Code  ??  queue.o [4]
vQueueWaitForMessageRestricted
                         0x800'3251   0x48  Code  ??  queue.o [4]
vTaskDelay               0x800'1e3b   0x2c  Code  ??  tasks.o [4]
vTaskInternalSetTimeOutState
                         0x800'217d    0xe  Code  ??  tasks.o [4]
vTaskMissedYield         0x800'21f3    0xa  Code  ??  tasks.o [4]
vTaskPlaceOnEventList    0x800'20b1   0x20  Code  ??  tasks.o [4]
vTaskPlaceOnEventListRestricted
                         0x800'20e9   0x2a  Code  ??  tasks.o [4]
vTaskStartScheduler      0x800'1e6d   0x6e  Code  ??  tasks.o [4]
vTaskSuspendAll          0x800'1edb    0xc  Code  ??  tasks.o [4]
vTaskSwitchContext       0x800'2059   0x50  Code  ??  tasks.o [4]
xActiveTimerList1       0x2000'1800   0x14  Data  Lc  timers.o [4]
xActiveTimerList2       0x2000'1814   0x14  Data  Lc  timers.o [4]
xBlockAllocatedBit      0x2000'00d0    0x4  Data  Lc  heap_4.o [4]
xDelayedTaskList1       0x2000'198c   0x14  Data  Lc  tasks.o [4]
xDelayedTaskList2       0x2000'19a0   0x14  Data  Lc  tasks.o [4]
xFreeBytesRemaining     0x2000'00c8    0x4  Data  Lc  heap_4.o [4]
xMinimumEverFreeBytesRemaining
                        0x2000'00cc    0x4  Data  Lc  heap_4.o [4]
xNextTaskUnblockTime    0x2000'1984    0x4  Data  Lc  tasks.o [4]
xNumOfOverflows         0x2000'197c    0x4  Data  Lc  tasks.o [4]
xPendingReadyList       0x2000'1918   0x14  Data  Lc  tasks.o [4]
xPortStartScheduler      0x800'2649   0x74  Code  ??  port.o [4]
xQueueGenericCreateStatic
                         0x800'2d91   0x60  Code  ??  queue.o [4]
xQueueGenericReset       0x800'2d19   0x78  Code  ??  queue.o [4]
xQueueGenericSend        0x800'2e21  0x126  Code  ??  queue.o [4]
xQueueGenericSendFromISR
                         0x800'2f4f   0x90  Code  ??  queue.o [4]
xQueueReceive            0x800'2fdf  0x104  Code  ??  queue.o [4]
xQueueRegistry          0x2000'1a8c   0x40  Data  ??  queue.o [4]
xSchedulerRunning       0x2000'1970    0x4  Data  Lc  tasks.o [4]
xStart                  0x2000'00bc    0x8  Data  Lc  heap_4.o [4]
xSuspendedTaskList      0x2000'1950   0x14  Data  Lc  tasks.o [4]
xTaskCheckForTimeOut     0x800'218b   0x68  Code  ??  tasks.o [4]
xTaskCreate              0x800'1ca5   0x5c  Code  ??  tasks.o [4]
xTaskCreateStatic        0x800'1c45   0x60  Code  ??  tasks.o [4]
xTaskGetSchedulerState   0x800'2287   0x18  Code  ??  tasks.o [4]
xTaskGetTickCount        0x800'1f8f    0x8  Code  ??  tasks.o [4]
xTaskIncrementTick       0x800'1f97   0xc2  Code  ??  tasks.o [4]
xTaskPriorityDisinherit
                         0x800'22a5   0x5a  Code  ??  tasks.o [4]
xTaskRemoveFromEventList
                         0x800'211f   0x4c  Code  ??  tasks.o [4]
xTaskResumeAll           0x800'1ee7   0x98  Code  ??  tasks.o [4]
xTasksWaitingTermination
                        0x2000'192c   0x14  Data  Lc  tasks.o [4]
xTickCount              0x2000'1968    0x4  Data  Lc  tasks.o [4]
xTimerCreateTimerTask    0x800'2949   0x54  Code  ??  timers.o [4]
xTimerGenericCommand     0x800'29a3   0x4e  Code  ??  timers.o [4]
xTimerQueue             0x2000'17f4    0x4  Data  Lc  timers.o [4]
xTimerTaskHandle        0x2000'17f8    0x4  Data  Lc  timers.o [4]
xYieldPending           0x2000'1978    0x4  Data  Lc  tasks.o [4]


[1] = C:\Users\user\Documents\CNC_dividing_head\EWARM\CNC_dividing_head_v1\Obj\CMSIS_6603591812247902717.dir
[2] = C:\Users\user\Documents\CNC_dividing_head\EWARM\CNC_dividing_head_v1\Obj\Core_13247989168731456611.dir
[3] = C:\Users\user\Documents\CNC_dividing_head\EWARM\CNC_dividing_head_v1\Obj\EWARM_18443280873093131863.dir
[4] = C:\Users\user\Documents\CNC_dividing_head\EWARM\CNC_dividing_head_v1\Obj\FreeRTOS_4809373609813369194.dir
[5] = C:\Users\user\Documents\CNC_dividing_head\EWARM\CNC_dividing_head_v1\Obj\STM32F1xx_HAL_Driver_9701002599162248031.dir
[6] = dl7M_tlf.a
[7] = m7M_tl.a
[8] = rt7M_tl.a
[9] = shb_l.a

  21'031 bytes of readonly  code memory
     322 bytes of readonly  data memory
   7'916 bytes of readwrite data memory

Errors: none
Warnings: none
