###############################################################################
#
# IAR ELF Linker V9.50.1.380/W64 for ARM                  25/Nov/2024  15:00:38
# Copyright 2007-2023 IAR Systems AB.
#
#    Output file  =
#        C:\Users\user\Documents\CNC_dividing_head\EWARM\CNC_dividing_head_v1\Exe\CNC_dividing_head_v1.out
#    Map file     =
#        C:\Users\user\Documents\CNC_dividing_head\EWARM\CNC_dividing_head_v1\List\CNC_dividing_head_v1.map
#    Command line =
#        -f
#        C:\Users\user\Documents\CNC_dividing_head\EWARM\CNC_dividing_head_v1\Exe\CNC_dividing_head_v1.out.rsp
#        (C:\Users\user\Documents\CNC_dividing_head\EWARM\CNC_dividing_head_v1\Obj\FreeRTOS_4809373609813369194.dir\cmsis_os2.o
#        C:\Users\user\Documents\CNC_dividing_head\EWARM\CNC_dividing_head_v1\Obj\FreeRTOS_4809373609813369194.dir\croutine.o
#        C:\Users\user\Documents\CNC_dividing_head\EWARM\CNC_dividing_head_v1\Obj\FreeRTOS_4809373609813369194.dir\event_groups.o
#        C:\Users\user\Documents\CNC_dividing_head\EWARM\CNC_dividing_head_v1\Obj\Core_13247989168731456611.dir\freertos.o
#        C:\Users\user\Documents\CNC_dividing_head\EWARM\CNC_dividing_head_v1\Obj\Core_13247989168731456611.dir\gpio.o
#        C:\Users\user\Documents\CNC_dividing_head\EWARM\CNC_dividing_head_v1\Obj\FreeRTOS_4809373609813369194.dir\heap_4.o
#        C:\Users\user\Documents\CNC_dividing_head\EWARM\CNC_dividing_head_v1\Obj\Core_13247989168731456611.dir\iwdg.o
#        C:\Users\user\Documents\CNC_dividing_head\EWARM\CNC_dividing_head_v1\Obj\FreeRTOS_4809373609813369194.dir\list.o
#        C:\Users\user\Documents\CNC_dividing_head\EWARM\CNC_dividing_head_v1\Obj\Core_13247989168731456611.dir\main.o
#        C:\Users\user\Documents\CNC_dividing_head\EWARM\CNC_dividing_head_v1\Obj\FreeRTOS_4809373609813369194.dir\port.o
#        C:\Users\user\Documents\CNC_dividing_head\EWARM\CNC_dividing_head_v1\Obj\FreeRTOS_4809373609813369194.dir\portasm.o
#        C:\Users\user\Documents\CNC_dividing_head\EWARM\CNC_dividing_head_v1\Obj\FreeRTOS_4809373609813369194.dir\queue.o
#        C:\Users\user\Documents\CNC_dividing_head\EWARM\CNC_dividing_head_v1\Obj\EWARM_18443280873093131863.dir\startup_stm32f103xb.o
#        C:\Users\user\Documents\CNC_dividing_head\EWARM\CNC_dividing_head_v1\Obj\STM32F1xx_HAL_Driver_9701002599162248031.dir\stm32f1xx_hal.o
#        C:\Users\user\Documents\CNC_dividing_head\EWARM\CNC_dividing_head_v1\Obj\STM32F1xx_HAL_Driver_9701002599162248031.dir\stm32f1xx_hal_cortex.o
#        C:\Users\user\Documents\CNC_dividing_head\EWARM\CNC_dividing_head_v1\Obj\STM32F1xx_HAL_Driver_9701002599162248031.dir\stm32f1xx_hal_dma.o
#        C:\Users\user\Documents\CNC_dividing_head\EWARM\CNC_dividing_head_v1\Obj\STM32F1xx_HAL_Driver_9701002599162248031.dir\stm32f1xx_hal_exti.o
#        C:\Users\user\Documents\CNC_dividing_head\EWARM\CNC_dividing_head_v1\Obj\STM32F1xx_HAL_Driver_9701002599162248031.dir\stm32f1xx_hal_flash.o
#        C:\Users\user\Documents\CNC_dividing_head\EWARM\CNC_dividing_head_v1\Obj\STM32F1xx_HAL_Driver_9701002599162248031.dir\stm32f1xx_hal_flash_ex.o
#        C:\Users\user\Documents\CNC_dividing_head\EWARM\CNC_dividing_head_v1\Obj\STM32F1xx_HAL_Driver_9701002599162248031.dir\stm32f1xx_hal_gpio.o
#        C:\Users\user\Documents\CNC_dividing_head\EWARM\CNC_dividing_head_v1\Obj\STM32F1xx_HAL_Driver_9701002599162248031.dir\stm32f1xx_hal_gpio_ex.o
#        C:\Users\user\Documents\CNC_dividing_head\EWARM\CNC_dividing_head_v1\Obj\STM32F1xx_HAL_Driver_9701002599162248031.dir\stm32f1xx_hal_iwdg.o
#        C:\Users\user\Documents\CNC_dividing_head\EWARM\CNC_dividing_head_v1\Obj\Core_13247989168731456611.dir\stm32f1xx_hal_msp.o
#        C:\Users\user\Documents\CNC_dividing_head\EWARM\CNC_dividing_head_v1\Obj\STM32F1xx_HAL_Driver_9701002599162248031.dir\stm32f1xx_hal_pwr.o
#        C:\Users\user\Documents\CNC_dividing_head\EWARM\CNC_dividing_head_v1\Obj\STM32F1xx_HAL_Driver_9701002599162248031.dir\stm32f1xx_hal_rcc.o
#        C:\Users\user\Documents\CNC_dividing_head\EWARM\CNC_dividing_head_v1\Obj\STM32F1xx_HAL_Driver_9701002599162248031.dir\stm32f1xx_hal_rcc_ex.o
#        C:\Users\user\Documents\CNC_dividing_head\EWARM\CNC_dividing_head_v1\Obj\STM32F1xx_HAL_Driver_9701002599162248031.dir\stm32f1xx_hal_tim.o
#        C:\Users\user\Documents\CNC_dividing_head\EWARM\CNC_dividing_head_v1\Obj\STM32F1xx_HAL_Driver_9701002599162248031.dir\stm32f1xx_hal_tim_ex.o
#        C:\Users\user\Documents\CNC_dividing_head\EWARM\CNC_dividing_head_v1\Obj\Core_13247989168731456611.dir\stm32f1xx_hal_timebase_tim.o
#        C:\Users\user\Documents\CNC_dividing_head\EWARM\CNC_dividing_head_v1\Obj\STM32F1xx_HAL_Driver_9701002599162248031.dir\stm32f1xx_hal_uart.o
#        C:\Users\user\Documents\CNC_dividing_head\EWARM\CNC_dividing_head_v1\Obj\Core_13247989168731456611.dir\stm32f1xx_it.o
#        C:\Users\user\Documents\CNC_dividing_head\EWARM\CNC_dividing_head_v1\Obj\FreeRTOS_4809373609813369194.dir\stream_buffer.o
#        C:\Users\user\Documents\CNC_dividing_head\EWARM\CNC_dividing_head_v1\Obj\CMSIS_6603591812247902717.dir\system_stm32f1xx.o
#        C:\Users\user\Documents\CNC_dividing_head\EWARM\CNC_dividing_head_v1\Obj\FreeRTOS_4809373609813369194.dir\tasks.o
#        C:\Users\user\Documents\CNC_dividing_head\EWARM\CNC_dividing_head_v1\Obj\Core_13247989168731456611.dir\tim.o
#        C:\Users\user\Documents\CNC_dividing_head\EWARM\CNC_dividing_head_v1\Obj\FreeRTOS_4809373609813369194.dir\timers.o
#        C:\Users\user\Documents\CNC_dividing_head\EWARM\CNC_dividing_head_v1\Obj\Core_13247989168731456611.dir\usart.o
#        C:\Users\user\Documents\CNC_dividing_head\EWARM\CNC_dividing_head_v1\Obj\Core_13247989168731456611.dir\wh1602.o
#        --no_out_extension -o
#        C:\Users\user\Documents\CNC_dividing_head\EWARM\CNC_dividing_head_v1\Exe\CNC_dividing_head_v1.out
#        --redirect _Printf=_PrintfFullNoMb --redirect _Scanf=_ScanfFullNoMb
#        --map
#        C:\Users\user\Documents\CNC_dividing_head\EWARM\CNC_dividing_head_v1\List\CNC_dividing_head_v1.map
#        --config
#        C:\Users\user\Documents\CNC_dividing_head\EWARM/stm32f103xb_flash.icf
#        --semihosting --entry __iar_program_start --vfe --text_out locale
#        --cpu=Cortex-M3 --fpu=None) --dependencies=n
#        C:\Users\user\Documents\CNC_dividing_head\EWARM\CNC_dividing_head_v1\Exe\CNC_dividing_head_v1.out.iar_deps
#
###############################################################################

*******************************************************************************
*** RUNTIME MODEL ATTRIBUTES
***

CppFlavor       = *
__CPP_Runtime   = 1
__SystemLibrary = DLib
__dlib_version  = 6


*******************************************************************************
*** HEAP SELECTION
***

The basic heap was selected because --advanced_heap
was not specified and the application did not appear to
be primarily optimized for speed.


*******************************************************************************
*** PLACEMENT SUMMARY
***

"A0":  place at address 0x800'0000 { ro section .intvec };
"P1":  place in [from 0x800'0000 to 0x801'ffff] { ro };
define block CSTACK with size = 1K, alignment = 8 { };
define block HEAP with size = 512, alignment = 8 { };
"P2":  place in [from 0x2000'0000 to 0x2000'4fff] {
          rw, block CSTACK, block HEAP };
initialize by copy { rw };

  Section            Kind         Address  Aligment    Size  Object
  -------            ----         -------  --------    ----  ------
"A0":                                                  0xec
  .intvec            ro code   0x800'0000         4    0xec  startup_stm32f103xb.o [3]
                             - 0x800'00ec              0xec

"P1":                                                0x5465
  .text              ro code   0x800'00ec         4   0xeca  xprintffull_nomb.o [6]
  .text              ro code   0x800'0fb6         2    0x3a  packbits_init_single.o [8]
  .text              ro code   0x800'0ff0         4    0x16  strchr.o [8]
  .text              ro code   0x800'1006         2     0xa  xsprout.o [6]
  .text              ro code   0x800'1010         4    0x40  xfail_s.o [6]
  .text              ro code   0x800'1050         4    0x36  strlen.o [8]
  .rodata            const     0x800'1086         2     0x2  xlocale_c.o [6]
  .text              ro code   0x800'1088         4    0x58  memchr.o [8]
  .text              ro code   0x800'10e0         4    0x18  ABImemcpy_small.o [8]
  .text              ro code   0x800'10f8         4    0x70  frexp.o [7]
  .text              ro code   0x800'1168         4    0x34  DblCmpLe.o [7]
  .text              ro code   0x800'119c         4    0x34  DblCmpGe.o [7]
  .text              ro code   0x800'11d0         4   0x13a  ldexp.o [7]
  .rodata            const     0x800'130a               0x1  xlocale_c.o [6]
  .text              ro code   0x800'130c         4    0x36  DblToS32.o [7]
  .text              ro code   0x800'1344         4    0x22  S32ToDbl.o [7]
  .text              ro code   0x800'1368         4   0x24e  DblAddSub.o [7]
  .text              ro code   0x800'15b8         4   0x246  DblDiv.o [7]
  .text              ro code   0x800'1800         4    0x22  DblToU32.o [7]
  .text              ro code   0x800'1824         4    0x1c  U32ToDbl.o [7]
  .text              ro code   0x800'1840         4   0x1aa  DblMul.o [7]
  .text              ro code   0x800'19ec         4     0x8  xlocale_c.o [6]
  .text              ro code   0x800'19f4         4   0x230  I64DivMod.o [8]
  .text              ro code   0x800'1c24         2     0x6  abort.o [6]
  .text              ro code   0x800'1c2c         4     0x2  I64DivZer.o [8]
  .text              ro code   0x800'1c30         4    0x14  exit.o [9]
  .text              ro code   0x800'1c44         4   0x7ac  freertos.o [2]
  .text              ro code   0x800'23f0         4   0x1b0  cmsis_os2.o [4]
  .text              ro code   0x800'25a0         2    0x5e  stm32f1xx_hal_iwdg.o [5]
  .text              ro code   0x800'2600         4   0x16e  wh1602.o [2]
  .text              ro code   0x800'2770         4    0x40  sprintf.o [6]
  .text              ro code   0x800'27b0         4   0x1ec  stm32f1xx_hal_gpio.o [5]
  .text              ro code   0x800'299c         4   0x754  tasks.o [4]
  .text              ro code   0x800'30f0         4     0xc  stm32f1xx_hal.o [5]
  .text              ro code   0x800'30fc         4   0x1a4  heap_4.o [4]
  .text              ro code   0x800'32a0         4    0x3a  ABImemset48.o [8]
  .text              ro code   0x800'32da         2    0x94  list.o [4]
  .text              ro code   0x800'3370         4   0x18c  port.o [4]
  .text              ro code   0x800'34fc         4   0x320  timers.o [4]
  .text              ro code   0x800'381c         4    0x28  port.o [4]
  CODE               ro code   0x800'3844         4    0x88  portasm.o [4]
  .text              ro code   0x800'38cc         4   0x580  queue.o [4]
  .text              ro code   0x800'3e4c         4   0x504  stm32f1xx_hal_uart.o [5]
  .text              ro code   0x800'4350         4    0xd0  usart.o [2]
  .text              ro code   0x800'4420         4   0x100  stm32f1xx_hal_dma.o [5]
  .text              ro code   0x800'4520         2     0x2  stm32f1xx_hal_uart.o [5]
  .text              ro code   0x800'4522         2     0x2  stm32f1xx_hal_uart.o [5]
  .text              ro code   0x800'4524         2     0x2  stm32f1xx_hal_uart.o [5]
  .text              ro code   0x800'4526         2     0x2  stm32f1xx_hal_uart.o [5]
  .text              ro code   0x800'4528         4   0x4ee  stm32f1xx_hal_rcc.o [5]
  .text              ro code   0x800'4a18         4    0xa8  main.o [2]
  .text              ro code   0x800'4ac0         4    0x12  ABImemset_small.o [8]
  .text              ro code   0x800'4ad4         4    0x94  stm32f1xx_hal_cortex.o [5]
  .text              ro code   0x800'4b68         4    0x9c  stm32f1xx_hal_timebase_tim.o [2]
  .text              ro code   0x800'4c04         4    0x24  stm32f1xx_hal.o [5]
  .text              ro code   0x800'4c28         4   0x106  gpio.o [2]
  .text              ro code   0x800'4d30         4    0x2c  iwdg.o [2]
  .text              ro code   0x800'4d5c         4    0xa8  tim.o [2]
  .text              ro code   0x800'4e04         4    0x10  stm32f1xx_hal.o [5]
  .text              ro code   0x800'4e14         4   0x39a  stm32f1xx_hal_tim.o [5]
  .text              ro code   0x800'51b0         4    0x4c  stm32f1xx_hal_msp.o [2]
  .text              ro code   0x800'51fc         4    0x64  stm32f1xx_hal_tim_ex.o [5]
  .text              ro code   0x800'5260         2     0x2  stm32f1xx_hal_tim.o [5]
  .text              ro code   0x800'5262         2     0x2  stm32f1xx_hal_tim.o [5]
  .text              ro code   0x800'5264         2     0x2  stm32f1xx_hal_tim_ex.o [5]
  .text              ro code   0x800'5266         2     0x2  stm32f1xx_hal_tim.o [5]
  .text              ro code   0x800'5268         2     0x2  stm32f1xx_hal_tim_ex.o [5]
  .text              ro code   0x800'526a         2     0x2  stm32f1xx_hal_tim.o [5]
  .rodata            const     0x800'526c         4    0x6c  freertos.o [2]
  .text              ro code   0x800'52d8         2    0x38  zero_init3.o [8]
  .text              ro code   0x800'5310         4    0x2c  stm32f1xx_it.o [2]
  .text              ro code   0x800'533c         4    0x2a  data_init.o [8]
  .iar.init_table    const     0x800'5368         4    0x20  - Linker created -
  .text              ro code   0x800'5388         4    0x1e  cmain.o [8]
  .text              ro code   0x800'53a6         2     0x4  low_level_init.o [6]
  .text              ro code   0x800'53aa         2     0x4  exit.o [6]
  .text              ro code   0x800'53b0         4     0xa  cexit.o [8]
  .text              ro code   0x800'53bc         4    0x1c  cstartup_M.o [8]
  .text              ro code   0x800'53d8         4    0x14  system_stm32f1xx.o [1]
  .rodata            const     0x800'53ec         4    0x10  freertos.o [2]
  .rodata            const     0x800'53fc         4    0x10  freertos.o [2]
  .text              ro code   0x800'540c         4    0x10  startup_stm32f103xb.o [3]
  .rodata            const     0x800'541c         4     0xc  freertos.o [2]
  .rodata            const     0x800'5428         4     0x8  system_stm32f1xx.o [1]
  .text              ro code   0x800'5430         2     0x4  startup_stm32f103xb.o [3]
  .text              ro code   0x800'5434         2     0x4  startup_stm32f103xb.o [3]
  .text              ro code   0x800'5438         2     0x4  startup_stm32f103xb.o [3]
  .text              ro code   0x800'543c         2     0x4  startup_stm32f103xb.o [3]
  .text              ro code   0x800'5440         2     0x4  startup_stm32f103xb.o [3]
  .text              ro code   0x800'5444         2     0x4  startup_stm32f103xb.o [3]
  .text              ro code   0x800'5448         2     0x4  startup_stm32f103xb.o [3]
  .text              ro code   0x800'544c         2     0x4  startup_stm32f103xb.o [3]
  .text              ro code   0x800'5450         2     0x4  startup_stm32f103xb.o [3]
  .text              ro code   0x800'5454         2     0x4  startup_stm32f103xb.o [3]
  .text              ro code   0x800'5458         2     0x4  startup_stm32f103xb.o [3]
  .text              ro code   0x800'545c         2     0x4  startup_stm32f103xb.o [3]
  .text              ro code   0x800'5460         2     0x4  startup_stm32f103xb.o [3]
  .text              ro code   0x800'5464         2     0x4  startup_stm32f103xb.o [3]
  .text              ro code   0x800'5468         2     0x4  startup_stm32f103xb.o [3]
  .text              ro code   0x800'546c         2     0x4  startup_stm32f103xb.o [3]
  .text              ro code   0x800'5470         2     0x4  startup_stm32f103xb.o [3]
  .text              ro code   0x800'5474         2     0x4  startup_stm32f103xb.o [3]
  .text              ro code   0x800'5478         2     0x4  startup_stm32f103xb.o [3]
  .text              ro code   0x800'547c         2     0x4  startup_stm32f103xb.o [3]
  .text              ro code   0x800'5480         2     0x4  startup_stm32f103xb.o [3]
  .text              ro code   0x800'5484         2     0x4  startup_stm32f103xb.o [3]
  .text              ro code   0x800'5488         2     0x4  startup_stm32f103xb.o [3]
  .text              ro code   0x800'548c         2     0x4  startup_stm32f103xb.o [3]
  .text              ro code   0x800'5490         2     0x4  startup_stm32f103xb.o [3]
  .text              ro code   0x800'5494         2     0x4  startup_stm32f103xb.o [3]
  .text              ro code   0x800'5498         2     0x4  startup_stm32f103xb.o [3]
  .text              ro code   0x800'549c         2     0x4  startup_stm32f103xb.o [3]
  .text              ro code   0x800'54a0         2     0x4  startup_stm32f103xb.o [3]
  .text              ro code   0x800'54a4         2     0x4  startup_stm32f103xb.o [3]
  .text              ro code   0x800'54a8         2     0x4  startup_stm32f103xb.o [3]
  .text              ro code   0x800'54ac         2     0x4  startup_stm32f103xb.o [3]
  .text              ro code   0x800'54b0         2     0x4  startup_stm32f103xb.o [3]
  .text              ro code   0x800'54b4         2     0x4  startup_stm32f103xb.o [3]
  .text              ro code   0x800'54b8         2     0x4  startup_stm32f103xb.o [3]
  .text              ro code   0x800'54bc         2     0x4  startup_stm32f103xb.o [3]
  .text              ro code   0x800'54c0         2     0x4  startup_stm32f103xb.o [3]
  .text              ro code   0x800'54c4         2     0x4  startup_stm32f103xb.o [3]
  .text              ro code   0x800'54c8         2     0x4  startup_stm32f103xb.o [3]
  .text              ro code   0x800'54cc         2     0x4  startup_stm32f103xb.o [3]
  .rodata            const     0x800'54d0               0x0  zero_init3.o [8]
  .rodata            const     0x800'54d0               0x0  packbits_init_single.o [8]
  Initializer bytes  const     0x800'54d0              0x81  <for P2-1>
                             - 0x800'5551            0x5465

"P2", part 1 of 3:                                     0xcc
  P2-1                        0x2000'0000              0xcc  <Init block>
    .data            inited   0x2000'0000         4    0x2e  freertos.o [2]
    .data            inited   0x2000'0030         4    0x30  freertos.o [2]
    .data            inited   0x2000'0060         4    0x18  freertos.o [2]
    .data            inited   0x2000'0078         4     0xc  port.o [4]
    .data            inited   0x2000'0084         4     0xc  stm32f1xx_hal.o [5]
    .data            inited   0x2000'0090         4     0x4  system_stm32f1xx.o [1]
    .data            inited   0x2000'0094         4    0x38  xlocale_c.o [6]
                            - 0x2000'00cc              0xcc

"P2", part 2 of 3:                                   0x1a30
  .bss               zero     0x2000'00cc         4   0xc18  heap_4.o [4]
  .bss               zero     0x2000'0ce4         4   0x460  tasks.o [4]
  .bss               zero     0x2000'1144         4   0x45c  cmsis_os2.o [4]
  .bss               zero     0x2000'15a0         4   0x25c  cmsis_os2.o [4]
  .bss               zero     0x2000'17fc         4   0x12c  timers.o [4]
  .bss               zero     0x2000'1928         4    0x9c  tasks.o [4]
  .bss               zero     0x2000'19c4         4    0x48  stm32f1xx_hal_timebase_tim.o [2]
  .bss               zero     0x2000'1a0c         4    0x48  tim.o [2]
  .bss               zero     0x2000'1a54         4    0x48  usart.o [2]
  .bss               zero     0x2000'1a9c         4    0x40  queue.o [4]
  .bss               zero     0x2000'1adc         4     0xc  freertos.o [2]
  .bss               zero     0x2000'1ae8         4     0xc  iwdg.o [2]
  .bss               zero     0x2000'1af4         4     0x4  cmsis_os2.o [4]
  .bss               zero     0x2000'1af8         4     0x4  xfail_s.o [6]
                            - 0x2000'1afc            0x1a30

"P2", part 3 of 3:                                    0x400
  CSTACK                      0x2000'1b00         8   0x400  <Block>
    CSTACK           uninit   0x2000'1b00             0x400  <Block tail>
                            - 0x2000'1f00             0x400

Unused ranges:

         From           To      Size
         ----           --      ----
   0x800'5551   0x801'ffff  0x1'aaaf
  0x2000'1afc  0x2000'1aff       0x4
  0x2000'1f00  0x2000'4fff    0x3100


*******************************************************************************
*** INIT TABLE
***

          Address      Size
          -------      ----
Zero (__iar_zero_init3)
    1 destination range, total size 0x1a30:
          0x2000'00cc  0x1a30

Copy/packbits (__iar_packbits_init_single3)
    1 source range, total size 0x81 (63% of destination):
           0x800'54d0    0x81
    1 destination range, total size 0xcc:
          0x2000'0000    0xcc



*******************************************************************************
*** MODULE SUMMARY
***

    Module                        ro code  ro data  rw data
    ------                        -------  -------  -------
command line/config:
    -------------------------------------------------------
    Total:

C:\Users\user\Documents\CNC_dividing_head\EWARM\CNC_dividing_head_v1\Obj\CMSIS_6603591812247902717.dir: [1]
    system_stm32f1xx.o                 20       10        4
    -------------------------------------------------------
    Total:                             20       10        4

C:\Users\user\Documents\CNC_dividing_head\EWARM\CNC_dividing_head_v1\Obj\Core_13247989168731456611.dir: [2]
    freertos.o                      1'964      227      130
    gpio.o                            262
    iwdg.o                             44                12
    main.o                            168
    stm32f1xx_hal_msp.o                76
    stm32f1xx_hal_timebase_tim.o      156                72
    stm32f1xx_it.o                     44
    tim.o                             168                72
    usart.o                           208                72
    wh1602.o                          366
    -------------------------------------------------------
    Total:                          3'456      227      358

C:\Users\user\Documents\CNC_dividing_head\EWARM\CNC_dividing_head_v1\Obj\EWARM_18443280873093131863.dir: [3]
    startup_stm32f103xb.o             412
    -------------------------------------------------------
    Total:                            412

C:\Users\user\Documents\CNC_dividing_head\EWARM\CNC_dividing_head_v1\Obj\FreeRTOS_4809373609813369194.dir: [4]
    cmsis_os2.o                       432             1'724
    heap_4.o                          420             3'096
    list.o                            148
    port.o                            436        8       12
    portasm.o                         136
    queue.o                         1'408                64
    tasks.o                         1'876             1'276
    timers.o                          800               300
    -------------------------------------------------------
    Total:                          5'656        8    6'472

C:\Users\user\Documents\CNC_dividing_head\EWARM\CNC_dividing_head_v1\Obj\STM32F1xx_HAL_Driver_9701002599162248031.dir: [5]
    stm32f1xx_hal.o                    64        8       12
    stm32f1xx_hal_cortex.o            148
    stm32f1xx_hal_dma.o               256
    stm32f1xx_hal_gpio.o              492
    stm32f1xx_hal_iwdg.o               94
    stm32f1xx_hal_rcc.o             1'262
    stm32f1xx_hal_tim.o               930
    stm32f1xx_hal_tim_ex.o            104
    stm32f1xx_hal_uart.o            1'292
    -------------------------------------------------------
    Total:                          4'642        8       12

dl7M_tlf.a: [6]
    abort.o                             6
    exit.o                              4
    low_level_init.o                    4
    sprintf.o                          64
    xfail_s.o                          64                 4
    xlocale_c.o                         8       39       56
    xprintffull_nomb.o              3'786
    xsprout.o                          10
    -------------------------------------------------------
    Total:                          3'946       39       60

m7M_tl.a: [7]
    DblAddSub.o                       590
    DblCmpGe.o                         52
    DblCmpLe.o                         52
    DblDiv.o                          582
    DblMul.o                          426
    DblToS32.o                         54
    DblToU32.o                         34
    S32ToDbl.o                         34
    U32ToDbl.o                         28
    frexp.o                           112
    ldexp.o                           314
    -------------------------------------------------------
    Total:                          2'278

rt7M_tl.a: [8]
    ABImemcpy_small.o                  24
    ABImemset48.o                      58
    ABImemset_small.o                  18
    I64DivMod.o                       560
    I64DivZer.o                         2
    cexit.o                            10
    cmain.o                            30
    cstartup_M.o                       28
    data_init.o                        42
    memchr.o                           88
    packbits_init_single.o             58
    strchr.o                           22
    strlen.o                           54
    zero_init3.o                       56
    -------------------------------------------------------
    Total:                          1'050

shb_l.a: [9]
    exit.o                             20
    -------------------------------------------------------
    Total:                             20

    Gaps                               35        2        2
    Linker created                              32    1'024
-----------------------------------------------------------
    Grand Total:                   21'515      326    7'932


*******************************************************************************
*** ENTRY LIST
***

Entry                       Address   Size  Type      Object
-----                       -------   ----  ----      ------
.iar.init_table$$Base    0x800'5368          --   Gb  - Linker created -
.iar.init_table$$Limit   0x800'5388          --   Gb  - Linker created -
?main                    0x800'5389         Code  ??  cmain.o [8]
ADC1_2_IRQHandler        0x800'5479         Code  Wk  startup_stm32f103xb.o [3]
AHBPrescTable            0x800'53dc   0x10  Data  ??  system_stm32f1xx.o [1]
APBPrescTable            0x800'5428    0x8  Data  ??  system_stm32f1xx.o [1]
BusFault_Handler         0x800'5317    0x2  Code  ??  stm32f1xx_it.o [2]
ButtonProcessinHandle   0x2000'1ae0    0x4  Data  ??  freertos.o [2]
ButtonProcessin_attributes
                         0x800'5290   0x24  Data  ??  freertos.o [2]
CAN1_RX1_IRQHandler      0x800'5485         Code  Wk  startup_stm32f103xb.o [3]
CAN1_SCE_IRQHandler      0x800'5489         Code  Wk  startup_stm32f103xb.o [3]
CSTACK$$Base            0x2000'1b00          --   Gb  - Linker created -
CSTACK$$Limit           0x2000'1f00          --   ??  - Linker created -
Cursor                   0x800'26b3   0x10  Code  ??  wh1602.o [2]
DMA1_Channel1_IRQHandler
                         0x800'545d         Code  Wk  startup_stm32f103xb.o [3]
DMA1_Channel2_IRQHandler
                         0x800'5461         Code  Wk  startup_stm32f103xb.o [3]
DMA1_Channel3_IRQHandler
                         0x800'5465         Code  Wk  startup_stm32f103xb.o [3]
DMA1_Channel4_IRQHandler
                         0x800'5469         Code  Wk  startup_stm32f103xb.o [3]
DMA1_Channel5_IRQHandler
                         0x800'546d         Code  Wk  startup_stm32f103xb.o [3]
DMA1_Channel6_IRQHandler
                         0x800'5471         Code  Wk  startup_stm32f103xb.o [3]
DMA1_Channel7_IRQHandler
                         0x800'5475         Code  Wk  startup_stm32f103xb.o [3]
DOWN_btn                0x2000'0048    0x8  Data  Lc  freertos.o [2]
DebugMon_Handler         0x800'531b    0x2  Code  ??  stm32f1xx_it.o [2]
ENTER_btn               0x2000'0070    0x8  Data  Lc  freertos.o [2]
EXTI0_IRQHandler         0x800'5449         Code  Wk  startup_stm32f103xb.o [3]
EXTI15_10_IRQHandler     0x800'54c5         Code  Wk  startup_stm32f103xb.o [3]
EXTI1_IRQHandler         0x800'544d         Code  Wk  startup_stm32f103xb.o [3]
EXTI2_IRQHandler         0x800'5451         Code  Wk  startup_stm32f103xb.o [3]
EXTI3_IRQHandler         0x800'5455         Code  Wk  startup_stm32f103xb.o [3]
EXTI4_IRQHandler         0x800'5459         Code  Wk  startup_stm32f103xb.o [3]
EXTI9_5_IRQHandler       0x800'548d         Code  Wk  startup_stm32f103xb.o [3]
Error_Handler            0x800'4abd    0x4  Code  ??  main.o [2]
FLASH_IRQHandler         0x800'5441         Code  Wk  startup_stm32f103xb.o [3]
HAL_DMA_Abort            0x800'4421   0x48  Code  ??  stm32f1xx_hal_dma.o [5]
HAL_DMA_Abort_IT         0x800'4469   0x9a  Code  ??  stm32f1xx_hal_dma.o [5]
HAL_GPIO_Init            0x800'27b1  0x1a4  Code  ??  stm32f1xx_hal_gpio.o [5]
HAL_GPIO_ReadPin         0x800'2955    0xc  Code  ??  stm32f1xx_hal_gpio.o [5]
HAL_GPIO_WritePin        0x800'2961    0x8  Code  ??  stm32f1xx_hal_gpio.o [5]
HAL_GetTick              0x800'30f1    0xc  Code  Wk  stm32f1xx_hal.o [5]
HAL_IWDG_Init            0x800'25a1   0x52  Code  ??  stm32f1xx_hal_iwdg.o [5]
HAL_IWDG_Refresh         0x800'25f3    0xc  Code  ??  stm32f1xx_hal_iwdg.o [5]
HAL_IncTick              0x800'4e05   0x10  Code  Wk  stm32f1xx_hal.o [5]
HAL_Init                 0x800'4c05   0x20  Code  ??  stm32f1xx_hal.o [5]
HAL_InitTick             0x800'4b69   0x86  Code  ??  stm32f1xx_hal_timebase_tim.o [2]
HAL_MspInit              0x800'51b1   0x4c  Code  ??  stm32f1xx_hal_msp.o [2]
HAL_NVIC_EnableIRQ       0x800'4b41   0x16  Code  ??  stm32f1xx_hal_cortex.o [5]
HAL_NVIC_SetPriority     0x800'4b03   0x3e  Code  ??  stm32f1xx_hal_cortex.o [5]
HAL_NVIC_SetPriorityGrouping
                         0x800'4aef   0x14  Code  ??  stm32f1xx_hal_cortex.o [5]
HAL_RCC_ClockConfig      0x800'482b  0x116  Code  ??  stm32f1xx_hal_rcc.o [5]
HAL_RCC_GetClockConfig   0x800'499d   0x36  Code  ??  stm32f1xx_hal_rcc.o [5]
HAL_RCC_GetPCLK1Freq     0x800'4979   0x10  Code  ??  stm32f1xx_hal_rcc.o [5]
HAL_RCC_GetPCLK2Freq     0x800'4989    0xe  Code  ??  stm32f1xx_hal_rcc.o [5]
HAL_RCC_GetSysClockFreq
                         0x800'4941   0x38  Code  ??  stm32f1xx_hal_rcc.o [5]
HAL_RCC_GetSysClockFreq::aPLLMULFactorTable
                         0x800'4a04   0x10  Data  Lc  stm32f1xx_hal_rcc.o [5]
HAL_RCC_GetSysClockFreq::aPredivFactorTable
                         0x800'4a14    0x2  Data  Lc  stm32f1xx_hal_rcc.o [5]
HAL_RCC_OscConfig        0x800'4529  0x2fa  Code  ??  stm32f1xx_hal_rcc.o [5]
HAL_TIMEx_BreakCallback
                         0x800'5265    0x2  Code  Wk  stm32f1xx_hal_tim_ex.o [5]
HAL_TIMEx_CommutCallback
                         0x800'5269    0x2  Code  Wk  stm32f1xx_hal_tim_ex.o [5]
HAL_TIMEx_MasterConfigSynchronization
                         0x800'51fd   0x56  Code  ??  stm32f1xx_hal_tim_ex.o [5]
HAL_TIM_Base_Init        0x800'4e15   0x1a  Code  ??  stm32f1xx_hal_tim.o [5]
HAL_TIM_Base_MspInit     0x800'4dc3   0x34  Code  ??  tim.o [2]
HAL_TIM_Base_Start_IT    0x800'4e2f   0x5a  Code  ??  stm32f1xx_hal_tim.o [5]
HAL_TIM_ConfigClockSource
                         0x800'5015   0xac  Code  ??  stm32f1xx_hal_tim.o [5]
HAL_TIM_IC_CaptureCallback
                         0x800'5261    0x2  Code  Wk  stm32f1xx_hal_tim.o [5]
HAL_TIM_IRQHandler       0x800'4ecd  0x142  Code  ??  stm32f1xx_hal_tim.o [5]
HAL_TIM_OC_DelayElapsedCallback
                         0x800'5263    0x2  Code  Wk  stm32f1xx_hal_tim.o [5]
HAL_TIM_PWM_PulseFinishedCallback
                         0x800'526b    0x2  Code  Wk  stm32f1xx_hal_tim.o [5]
HAL_TIM_PeriodElapsedCallback
                         0x800'4aab    0xe  Code  ??  main.o [2]
HAL_TIM_TriggerCallback
                         0x800'5267    0x2  Code  Wk  stm32f1xx_hal_tim.o [5]
HAL_UARTEx_RxEventCallback
                         0x800'4523    0x2  Code  Wk  stm32f1xx_hal_uart.o [5]
HAL_UART_ErrorCallback   0x800'4521    0x2  Code  Wk  stm32f1xx_hal_uart.o [5]
HAL_UART_IRQHandler      0x800'3ef7  0x278  Code  ??  stm32f1xx_hal_uart.o [5]
HAL_UART_Init            0x800'3e4d   0x20  Code  ??  stm32f1xx_hal_uart.o [5]
HAL_UART_MspInit         0x800'4385   0x88  Code  ??  usart.o [2]
HAL_UART_RxCpltCallback
                         0x800'4527    0x2  Code  Wk  stm32f1xx_hal_uart.o [5]
HAL_UART_TxCpltCallback
                         0x800'4525    0x2  Code  Wk  stm32f1xx_hal_uart.o [5]
HardFault_Handler        0x800'5313    0x2  Code  ??  stm32f1xx_it.o [2]
I2C1_ER_IRQHandler       0x800'54a9         Code  Wk  startup_stm32f103xb.o [3]
I2C1_EV_IRQHandler       0x800'54a5         Code  Wk  startup_stm32f103xb.o [3]
I2C2_ER_IRQHandler       0x800'54b1         Code  Wk  startup_stm32f103xb.o [3]
I2C2_EV_IRQHandler       0x800'54ad         Code  Wk  startup_stm32f103xb.o [3]
Idle_Stack              0x2000'15fc  0x200  Data  Lc  cmsis_os2.o [4]
Idle_TCB                0x2000'15a0   0x5c  Data  Lc  cmsis_os2.o [4]
InitializeLCD            0x800'26c3   0x62  Code  ??  wh1602.o [2]
KernelState             0x2000'1af4    0x4  Data  Lc  cmsis_os2.o [4]
LEDProcessingHandle     0x2000'1ae4    0x4  Data  ??  freertos.o [2]
LEDProcessing_attributes
                         0x800'52b4   0x24  Data  ??  freertos.o [2]
M1                      0x2000'0014   0x14  Data  ??  freertos.o [2]
M2                      0x2000'0000   0x14  Data  ??  freertos.o [2]
MINUS_btn               0x2000'0040    0x8  Data  Lc  freertos.o [2]
MX_FREERTOS_Init         0x800'1c45   0x3a  Code  ??  freertos.o [2]
MX_GPIO_Init             0x800'4c29   0xea  Code  ??  gpio.o [2]
MX_IWDG_Init             0x800'4d31   0x2c  Code  ??  iwdg.o [2]
MX_TIM1_Init             0x800'4d5d   0x66  Code  ??  tim.o [2]
MX_USART1_UART_Init      0x800'4351   0x34  Code  ??  usart.o [2]
MemManage_Handler        0x800'5315    0x2  Code  ??  stm32f1xx_it.o [2]
NMI_Handler              0x800'5311    0x2  Code  ??  stm32f1xx_it.o [2]
PLUS_btn                0x2000'0038    0x8  Data  Lc  freertos.o [2]
PVD_IRQHandler           0x800'5435         Code  Wk  startup_stm32f103xb.o [3]
PendSV_Handler           0x800'3845         Code  ??  portasm.o [4]
PrintByCoordinats        0x800'275f   0x10  Code  ??  wh1602.o [2]
PrintStr                 0x800'2743   0x1c  Code  ??  wh1602.o [2]
PulseLCD                 0x800'2601   0x28  Code  ??  wh1602.o [2]
RCC_IRQHandler           0x800'5445         Code  Wk  startup_stm32f103xb.o [3]
RCP1_btn                0x2000'0050    0x8  Data  Lc  freertos.o [2]
RCP2_btn                0x2000'0058    0x8  Data  Lc  freertos.o [2]
RTC_Alarm_IRQHandler     0x800'54c9         Code  Wk  startup_stm32f103xb.o [3]
RTC_IRQHandler           0x800'543d         Code  Wk  startup_stm32f103xb.o [3]
Region$$Table$$Base      0x800'5368          --   ??  - Linker created -
Region$$Table$$Limit     0x800'5388          --   ??  - Linker created -
Reset_Handler            0x800'540d         Code  Wk  startup_stm32f103xb.o [3]
SPI1_IRQHandler          0x800'54b5         Code  Wk  startup_stm32f103xb.o [3]
SPI2_IRQHandler          0x800'54b9         Code  Wk  startup_stm32f103xb.o [3]
SVC_Handler              0x800'388b         Code  ??  portasm.o [4]
SW1_btn                 0x2000'0060    0x8  Data  Lc  freertos.o [2]
SW2_btn                 0x2000'0068    0x8  Data  Lc  freertos.o [2]
SendByte                 0x800'2629   0x74  Code  ??  wh1602.o [2]
StartButtonProcessing    0x800'1c9d   0x88  Code  ??  freertos.o [2]
StartLedProcessing       0x800'1d25  0x470  Code  ??  freertos.o [2]
StartMainTask            0x800'1c81   0x1a  Code  ??  freertos.o [2]
SysTick_Handler          0x800'3475   0x1c  Code  ??  port.o [4]
SystemClock_Config       0x800'4a41   0x6a  Code  ??  main.o [2]
SystemCoreClock         0x2000'0090    0x4  Data  ??  system_stm32f1xx.o [1]
SystemInit               0x800'53d9    0x2  Code  ??  system_stm32f1xx.o [1]
TAMPER_IRQHandler        0x800'5439         Code  Wk  startup_stm32f103xb.o [3]
TIM1_BRK_IRQHandler      0x800'5491         Code  Wk  startup_stm32f103xb.o [3]
TIM1_CC_IRQHandler       0x800'5499         Code  Wk  startup_stm32f103xb.o [3]
TIM1_TRG_COM_IRQHandler
                         0x800'5495         Code  Wk  startup_stm32f103xb.o [3]
TIM1_UP_IRQHandler       0x800'531d    0x6  Code  ??  stm32f1xx_it.o [2]
TIM2_IRQHandler          0x800'549d         Code  Wk  startup_stm32f103xb.o [3]
TIM3_IRQHandler          0x800'54a1         Code  Wk  startup_stm32f103xb.o [3]
TIM4_IRQHandler          0x800'5323    0x6  Code  ??  stm32f1xx_it.o [2]
TIM_Base_SetConfig       0x800'50d3   0x5e  Code  ??  stm32f1xx_hal_tim.o [5]
TIM_ETR_SetConfig        0x800'519b   0x14  Code  ??  stm32f1xx_hal_tim.o [5]
TIM_ITRx_SetConfig       0x800'518b   0x10  Code  Lc  stm32f1xx_hal_tim.o [5]
TIM_TI1_ConfigInputStage
                         0x800'5145   0x22  Code  Lc  stm32f1xx_hal_tim.o [5]
TIM_TI2_ConfigInputStage
                         0x800'5167   0x24  Code  Lc  stm32f1xx_hal_tim.o [5]
Timer_Stack             0x2000'11a0  0x400  Data  Lc  cmsis_os2.o [4]
Timer_TCB               0x2000'1144   0x5c  Data  Lc  cmsis_os2.o [4]
UART_DMAAbortOnError     0x800'41fd    0xe  Code  Lc  stm32f1xx_hal_uart.o [5]
UART_EndRxTransfer       0x800'419f   0x5a  Code  Lc  stm32f1xx_hal_uart.o [5]
UART_Receive_IT          0x800'420d   0xc0  Code  Lc  stm32f1xx_hal_uart.o [5]
UART_SetConfig           0x800'42cd   0x7a  Code  Lc  stm32f1xx_hal_uart.o [5]
UP_btn                  0x2000'0030    0x8  Data  Lc  freertos.o [2]
USART1_IRQHandler        0x800'5329    0x6  Code  ??  stm32f1xx_it.o [2]
USART2_IRQHandler        0x800'54bd         Code  Wk  startup_stm32f103xb.o [3]
USART3_IRQHandler        0x800'54c1         Code  Wk  startup_stm32f103xb.o [3]
USBWakeUp_IRQHandler     0x800'54cd         Code  Wk  startup_stm32f103xb.o [3]
USB_HP_CAN1_TX_IRQHandler
                         0x800'547d         Code  Wk  startup_stm32f103xb.o [3]
USB_LP_CAN1_RX0_IRQHandler
                         0x800'5481         Code  Wk  startup_stm32f103xb.o [3]
UsageFault_Handler       0x800'5319    0x2  Code  ??  stm32f1xx_it.o [2]
WWDG_IRQHandler          0x800'5431         Code  Wk  startup_stm32f103xb.o [3]
_LC                      0x800'00ed    0x6  Code  Lc  xprintffull_nomb.o [6]
_LitobFullNoMb           0x800'0dd9  0x10c  Code  Lc  xprintffull_nomb.o [6]
_Locale_lconv           0x2000'0094   0x38  Data  Lc  xlocale_c.o [6]
_PrintfFullNoMb          0x800'00f3  0xcb6  Code  ??  xprintffull_nomb.o [6]
_PutcharsFullNoMb        0x800'0f41   0x2e  Code  Lc  xprintffull_nomb.o [6]
_SProut                  0x800'1007    0xa  Code  ??  xsprout.o [6]
__NVIC_SetPriority       0x800'4ad5   0x1a  Code  Lc  stm32f1xx_hal_cortex.o [5]
__aeabi_cdcmple          0x800'1169         Code  ??  DblCmpLe.o [7]
__aeabi_cdrcmple         0x800'119d         Code  ??  DblCmpGe.o [7]
__aeabi_d2iz             0x800'130d         Code  ??  DblToS32.o [7]
__aeabi_d2uiz            0x800'1801         Code  ??  DblToU32.o [7]
__aeabi_ddiv             0x800'15b9         Code  ??  DblDiv.o [7]
__aeabi_dmul             0x800'1841         Code  ??  DblMul.o [7]
__aeabi_dsub             0x800'14d5         Code  ??  DblAddSub.o [7]
__aeabi_i2d              0x800'1345         Code  ??  S32ToDbl.o [7]
__aeabi_ldiv0            0x800'1c2d         Code  ??  I64DivZer.o [8]
__aeabi_memset4          0x800'32a1         Code  ??  ABImemset48.o [8]
__aeabi_memset8          0x800'32a1         Code  ??  ABImemset48.o [8]
__aeabi_ui2d             0x800'1825         Code  ??  U32ToDbl.o [7]
__aeabi_uldivmod         0x800'19f5         Code  ??  I64DivMod.o [8]
__cmain                  0x800'5389         Code  ??  cmain.o [8]
__exit                   0x800'1c31   0x14  Code  ??  exit.o [9]
__iar_Fail_s             0x800'1011   0x1c  Code  ??  xfail_s.o [6]
__iar_Memchr             0x800'1089         Code  ??  memchr.o [8]
__iar_Memset4_word       0x800'32a9         Code  ??  ABImemset48.o [8]
__iar_Memset8_word       0x800'32a9         Code  ??  ABImemset48.o [8]
__iar_Strchr             0x800'0ff1         Code  ??  strchr.o [8]
__iar_data_init3         0x800'533d   0x18  Code  ??  data_init.o [8]
__iar_frexp              0x800'1105         Code  ??  frexp.o [7]
__iar_frexp64            0x800'10f9         Code  ??  frexp.o [7]
__iar_frexpl             0x800'1105         Code  ??  frexp.o [7]
__iar_ldexp64            0x800'11d1         Code  ??  ldexp.o [7]
__iar_packbits_init_single3
                         0x800'0fb7   0x3a  Code  ??  packbits_init_single.o [8]
__iar_program_start      0x800'53bd         Code  ??  cstartup_M.o [8]
__iar_scalbln64          0x800'11d1         Code  ??  ldexp.o [7]
__iar_scalbn64           0x800'11d1         Code  ??  ldexp.o [7]
__iar_small_Memcpy       0x800'10e5         Code  ??  ABImemcpy_small.o [8]
__iar_small_Memset       0x800'4ac1         Code  ??  ABImemset_small.o [8]
__iar_small_Memset_word
                         0x800'4ac1         Code  ??  ABImemset_small.o [8]
__iar_small_memcpy       0x800'10e1         Code  ??  ABImemcpy_small.o [8]
__iar_small_memcpy4      0x800'10e1         Code  ??  ABImemcpy_small.o [8]
__iar_small_memcpy8      0x800'10e1         Code  ??  ABImemcpy_small.o [8]
__iar_small_memset       0x800'4ac1         Code  ??  ABImemset_small.o [8]
__iar_zero_init3         0x800'52d9   0x38  Code  ??  zero_init3.o [8]
__low_level_init         0x800'53a7    0x4  Code  ??  low_level_init.o [6]
__vector_table           0x800'0000         Data  ??  startup_stm32f103xb.o [3]
_call_main               0x800'5395         Code  ??  cmain.o [8]
_exit                    0x800'53b1         Code  ??  cexit.o [8]
abort                    0x800'1c25    0x6  Code  ??  abort.o [6]
backlight_on            0x2000'0029    0x1  Data  ??  freertos.o [2]
buttin_proc              0x800'21dd   0x3a  Code  ??  freertos.o [2]
buttin_proc_without_tim
                         0x800'2217   0x22  Code  ??  freertos.o [2]
endswitches_direction   0x2000'002a    0x1  Data  ??  freertos.o [2]
exit                     0x800'53ab    0x4  Code  ??  exit.o [6]
flag                    0x2000'0028    0x1  Data  ??  freertos.o [2]
frexp                    0x800'10f9         Code  ??  frexp.o [7]
frexpl                   0x800'10f9         Code  ??  frexp.o [7]
hiwdg                   0x2000'1ae8    0xc  Data  ??  iwdg.o [2]
htim1                   0x2000'1a0c   0x48  Data  ??  tim.o [2]
htim4                   0x2000'19c4   0x48  Data  ??  stm32f1xx_hal_timebase_tim.o [2]
huart1                  0x2000'1a54   0x48  Data  ??  usart.o [2]
ldexp                    0x800'11d1         Code  ??  ldexp.o [7]
ldexpl                   0x800'11d1         Code  ??  ldexp.o [7]
localeconv               0x800'19ed    0x4  Code  ??  xlocale_c.o [6]
main                     0x800'4a19   0x28  Code  ??  main.o [2]
mainTaskHandle          0x2000'1adc    0x4  Data  ??  freertos.o [2]
mainTask_attributes      0x800'526c   0x24  Data  ??  freertos.o [2]
memchr                   0x800'1089         Code  ??  memchr.o [8]
motor_in_use            0x2000'002b    0x1  Data  ??  freertos.o [2]
osDelay                  0x800'2525   0x2e  Code  ??  cmsis_os2.o [4]
osKernelInitialize       0x800'23f1   0x2c  Code  ??  cmsis_os2.o [4]
osKernelStart            0x800'2425   0x32  Code  ??  cmsis_os2.o [4]
osThreadNew              0x800'2463   0xb2  Code  ??  cmsis_os2.o [4]
prvAddCurrentTaskToDelayedList
                         0x800'3085   0x4e  Code  Lc  tasks.o [4]
prvAddNewTaskToReadyList
                         0x800'2ae7   0xac  Code  Lc  tasks.o [4]
prvCheckForValidListAndQueue
                         0x800'37b5   0x4e  Code  Lc  timers.o [4]
prvCheckForValidListAndQueue{1}{2}{3}{4}::ucStaticTimerQueueStorage
                        0x2000'1888   0xa0  Data  Lc  timers.o [4]
prvCheckForValidListAndQueue{1}{2}{3}{4}::xStaticTimerQueue
                        0x2000'1838   0x50  Data  Lc  timers.o [4]
prvCopyDataFromQueue     0x800'3d35   0x28  Code  Lc  queue.o [4]
prvCopyDataToQueue       0x800'3ccd   0x68  Code  Lc  queue.o [4]
prvDeleteTCB             0x800'2f95   0x2e  Code  Lc  tasks.o [4]
prvIdleTask              0x800'2f55   0x40  Code  Lc  tasks.o [4]
prvInitialiseNewQueue    0x800'39a5   0x20  Code  Lc  queue.o [4]
prvInitialiseNewTask     0x800'2a59   0x8e  Code  Lc  tasks.o [4]
prvInsertBlockIntoFreeList
                         0x800'3253   0x46  Code  Lc  heap_4.o [4]
prvInsertTimerInActiveList
                         0x800'3781   0x34  Code  Lc  timers.o [4]
prvIsQueueEmpty          0x800'3dc5   0x16  Code  Lc  queue.o [4]
prvResetNextTaskUnblockTime
                         0x800'2fc3   0x1c  Code  Lc  tasks.o [4]
prvSampleTimeNow         0x800'36fb   0x76  Code  Lc  timers.o [4]
prvSampleTimeNow::xLastTime
                        0x2000'180c    0x4  Data  Lc  timers.o [4]
prvTaskExitError         0x800'3391   0x1c  Code  Lc  port.o [4]
prvTimerTask             0x800'35a5  0x156  Code  Lc  timers.o [4]
prvUnlockQueue           0x800'3d5d   0x68  Code  Lc  queue.o [4]
pvPortMalloc             0x800'30fd   0xfa  Code  ??  heap_4.o [4]
pxCurrentTCB            0x2000'1950    0x4  Data  ??  tasks.o [4]
pxCurrentTimerList      0x2000'17fc    0x4  Data  Lc  timers.o [4]
pxDelayedTaskList       0x2000'1954    0x4  Data  Lc  tasks.o [4]
pxEnd                   0x2000'00d4    0x4  Data  Lc  heap_4.o [4]
pxOverflowDelayedTaskList
                        0x2000'1958    0x4  Data  Lc  tasks.o [4]
pxOverflowTimerList     0x2000'1800    0x4  Data  Lc  timers.o [4]
pxPortInitialiseStack    0x800'3371   0x20  Code  ??  port.o [4]
pxReadyTasksLists       0x2000'0ce4  0x460  Data  Lc  tasks.o [4]
scalbln                  0x800'11d1         Code  ??  ldexp.o [7]
scalblnl                 0x800'11d1         Code  ??  ldexp.o [7]
scalbn                   0x800'11d1         Code  ??  ldexp.o [7]
scalbnl                  0x800'11d1         Code  ??  ldexp.o [7]
scale                    0x800'0eeb   0x46  Code  Lc  xprintffull_nomb.o [6]
sec_hand                0x2000'1af8    0x4  Data  Lc  xfail_s.o [6]
sprintf                  0x800'2771   0x40  Code  ??  sprintf.o [6]
startyem                0x2000'002c    0x1  Data  ??  freertos.o [2]
strchr                   0x800'0ff1         Code  ??  strchr.o [8]
strlen                   0x800'1051         Code  ??  strlen.o [8]
tooth_sp                0x2000'002d    0x1  Data  ??  freertos.o [2]
ucHeap                  0x2000'00e4  0xc00  Data  Lc  heap_4.o [4]
ucMaxSysCallPriority    0x2000'0078    0x1  Data  Lc  port.o [4]
ulMaxPRIGROUPValue      0x2000'0080    0x4  Data  Lc  port.o [4]
uwTick                  0x2000'0088    0x4  Data  ??  stm32f1xx_hal.o [5]
uwTickFreq              0x2000'0084    0x1  Data  ??  stm32f1xx_hal.o [5]
uwTickPrio              0x2000'008c    0x4  Data  ??  stm32f1xx_hal.o [5]
uxCriticalNesting       0x2000'007c    0x4  Data  Lc  port.o [4]
uxCurrentNumberOfTasks  0x2000'1974    0x4  Data  Lc  tasks.o [4]
uxDeletedTasksWaitingCleanUp
                        0x2000'195c    0x4  Data  Lc  tasks.o [4]
uxListRemove             0x800'3347   0x28  Code  ??  list.o [4]
uxPendedTicks           0x2000'1984    0x4  Data  Lc  tasks.o [4]
uxSchedulerSuspended    0x2000'1998    0x4  Data  Lc  tasks.o [4]
uxTaskNumber            0x2000'1990    0x4  Data  Lc  tasks.o [4]
uxTopReadyPriority      0x2000'197c    0x4  Data  Lc  tasks.o [4]
vApplicationGetIdleTaskMemory
                         0x800'2577   0x10  Code  ??  cmsis_os2.o [4]
vApplicationGetTimerTaskMemory
                         0x800'2587   0x12  Code  ??  cmsis_os2.o [4]
vListInitialise          0x800'32db   0x1a  Code  ??  list.o [4]
vListInitialiseItem      0x800'32f5    0x6  Code  ??  list.o [4]
vListInsert              0x800'3315   0x32  Code  ??  list.o [4]
vListInsertEnd           0x800'32fb   0x1a  Code  ??  list.o [4]
vPortEnterCritical       0x800'3421   0x32  Code  ??  port.o [4]
vPortExitCritical        0x800'3453   0x22  Code  ??  port.o [4]
vPortFree                0x800'3205   0x4e  Code  ??  heap_4.o [4]
vPortSetupTimerInterrupt
                         0x800'381d   0x28  Code  Wk  port.o [4]
vPortStartFirstTask      0x800'38ab         Code  ??  portasm.o [4]
vPortValidateInterruptPriority
                         0x800'34a1   0x42  Code  ??  port.o [4]
vQueueAddToRegistry      0x800'3ddb   0x20  Code  ??  queue.o [4]
vQueueWaitForMessageRestricted
                         0x800'3e05   0x48  Code  ??  queue.o [4]
vTaskDelay               0x800'2b93   0x2c  Code  ??  tasks.o [4]
vTaskInternalSetTimeOutState
                         0x800'2ed5    0xe  Code  ??  tasks.o [4]
vTaskMissedYield         0x800'2f4b    0xa  Code  ??  tasks.o [4]
vTaskPlaceOnEventList    0x800'2e09   0x20  Code  ??  tasks.o [4]
vTaskPlaceOnEventListRestricted
                         0x800'2e41   0x2a  Code  ??  tasks.o [4]
vTaskStartScheduler      0x800'2bc5   0x6e  Code  ??  tasks.o [4]
vTaskSuspendAll          0x800'2c33    0xc  Code  ??  tasks.o [4]
vTaskSwitchContext       0x800'2db1   0x50  Code  ??  tasks.o [4]
xActiveTimerList1       0x2000'1810   0x14  Data  Lc  timers.o [4]
xActiveTimerList2       0x2000'1824   0x14  Data  Lc  timers.o [4]
xBlockAllocatedBit      0x2000'00e0    0x4  Data  Lc  heap_4.o [4]
xDelayedTaskList1       0x2000'199c   0x14  Data  Lc  tasks.o [4]
xDelayedTaskList2       0x2000'19b0   0x14  Data  Lc  tasks.o [4]
xFreeBytesRemaining     0x2000'00d8    0x4  Data  Lc  heap_4.o [4]
xMinimumEverFreeBytesRemaining
                        0x2000'00dc    0x4  Data  Lc  heap_4.o [4]
xNextTaskUnblockTime    0x2000'1994    0x4  Data  Lc  tasks.o [4]
xNumOfOverflows         0x2000'198c    0x4  Data  Lc  tasks.o [4]
xPendingReadyList       0x2000'1928   0x14  Data  Lc  tasks.o [4]
xPortStartScheduler      0x800'33ad   0x74  Code  ??  port.o [4]
xQueueGenericCreateStatic
                         0x800'3945   0x60  Code  ??  queue.o [4]
xQueueGenericReset       0x800'38cd   0x78  Code  ??  queue.o [4]
xQueueGenericSend        0x800'39d5  0x126  Code  ??  queue.o [4]
xQueueGenericSendFromISR
                         0x800'3b03   0x90  Code  ??  queue.o [4]
xQueueReceive            0x800'3b93  0x104  Code  ??  queue.o [4]
xQueueRegistry          0x2000'1a9c   0x40  Data  ??  queue.o [4]
xSchedulerRunning       0x2000'1980    0x4  Data  Lc  tasks.o [4]
xStart                  0x2000'00cc    0x8  Data  Lc  heap_4.o [4]
xSuspendedTaskList      0x2000'1960   0x14  Data  Lc  tasks.o [4]
xTaskCheckForTimeOut     0x800'2ee3   0x68  Code  ??  tasks.o [4]
xTaskCreate              0x800'29fd   0x5c  Code  ??  tasks.o [4]
xTaskCreateStatic        0x800'299d   0x60  Code  ??  tasks.o [4]
xTaskGetSchedulerState   0x800'2fdf   0x18  Code  ??  tasks.o [4]
xTaskGetTickCount        0x800'2ce7    0x8  Code  ??  tasks.o [4]
xTaskIncrementTick       0x800'2cef   0xc2  Code  ??  tasks.o [4]
xTaskPriorityDisinherit
                         0x800'2ffd   0x5a  Code  ??  tasks.o [4]
xTaskRemoveFromEventList
                         0x800'2e77   0x4c  Code  ??  tasks.o [4]
xTaskResumeAll           0x800'2c3f   0x98  Code  ??  tasks.o [4]
xTasksWaitingTermination
                        0x2000'193c   0x14  Data  Lc  tasks.o [4]
xTickCount              0x2000'1978    0x4  Data  Lc  tasks.o [4]
xTimerCreateTimerTask    0x800'34fd   0x54  Code  ??  timers.o [4]
xTimerGenericCommand     0x800'3557   0x4e  Code  ??  timers.o [4]
xTimerQueue             0x2000'1804    0x4  Data  Lc  timers.o [4]
xTimerTaskHandle        0x2000'1808    0x4  Data  Lc  timers.o [4]
xYieldPending           0x2000'1988    0x4  Data  Lc  tasks.o [4]


[1] = C:\Users\user\Documents\CNC_dividing_head\EWARM\CNC_dividing_head_v1\Obj\CMSIS_6603591812247902717.dir
[2] = C:\Users\user\Documents\CNC_dividing_head\EWARM\CNC_dividing_head_v1\Obj\Core_13247989168731456611.dir
[3] = C:\Users\user\Documents\CNC_dividing_head\EWARM\CNC_dividing_head_v1\Obj\EWARM_18443280873093131863.dir
[4] = C:\Users\user\Documents\CNC_dividing_head\EWARM\CNC_dividing_head_v1\Obj\FreeRTOS_4809373609813369194.dir
[5] = C:\Users\user\Documents\CNC_dividing_head\EWARM\CNC_dividing_head_v1\Obj\STM32F1xx_HAL_Driver_9701002599162248031.dir
[6] = dl7M_tlf.a
[7] = m7M_tl.a
[8] = rt7M_tl.a
[9] = shb_l.a

  21'515 bytes of readonly  code memory
     326 bytes of readonly  data memory
   7'932 bytes of readwrite data memory

Errors: none
Warnings: none
